Component: ARM Compiler 6.16 Tool: armlink [5dfeaa00]

==============================================================================

Section Cross References

    startup_stm32g030xx.o(STACK) refers (Special) to heapauxi.o(.text) for __use_two_region_memory
    startup_stm32g030xx.o(HEAP) refers (Special) to heapauxi.o(.text) for __use_two_region_memory
    startup_stm32g030xx.o(RESET) refers (Special) to heapauxi.o(.text) for __use_two_region_memory
    startup_stm32g030xx.o(RESET) refers to startup_stm32g030xx.o(STACK) for __initial_sp
    startup_stm32g030xx.o(RESET) refers to startup_stm32g030xx.o(.text) for Reset_Handler
    startup_stm32g030xx.o(RESET) refers to stm32g0xx_it.o(.text.NMI_Handler) for NMI_Handler
    startup_stm32g030xx.o(RESET) refers to stm32g0xx_it.o(.text.HardFault_Handler) for HardFault_Handler
    startup_stm32g030xx.o(RESET) refers to stm32g0xx_it.o(.text.SVC_Handler) for SVC_Handler
    startup_stm32g030xx.o(RESET) refers to stm32g0xx_it.o(.text.PendSV_Handler) for PendSV_Handler
    startup_stm32g030xx.o(RESET) refers to stm32g0xx_it.o(.text.SysTick_Handler) for SysTick_Handler
    startup_stm32g030xx.o(RESET) refers to stm32g0xx_it.o(.text.DMA1_Channel1_IRQHandler) for DMA1_Channel1_IRQHandler
    startup_stm32g030xx.o(.text) refers (Special) to heapauxi.o(.text) for __use_two_region_memory
    startup_stm32g030xx.o(.text) refers to system_stm32g0xx.o(.text.SystemInit) for SystemInit
    startup_stm32g030xx.o(.text) refers to __main.o(!!!main) for __main
    startup_stm32g030xx.o(.text) refers to startup_stm32g030xx.o(HEAP) for Heap_Mem
    startup_stm32g030xx.o(.text) refers to startup_stm32g030xx.o(STACK) for Stack_Mem
    main.o(.text.main) refers to stm32g0xx_hal.o(.text.HAL_Init) for HAL_Init
    main.o(.text.main) refers to main.o(.text.SystemClock_Config) for SystemClock_Config
    main.o(.text.main) refers to main.o(.text.led_config) for led_config
    main.o(.text.main) refers to rtd.o(.text.RTD_Init) for RTD_Init
    main.o(.text.main) refers to main.o(.text.led_on) for led_on
    main.o(.text.main) refers to rtd.o(.text.RTD_Full_Convertion) for RTD_Full_Convertion
    main.o(.text.main) refers to main.o(.text.led_off) for led_off
    main.o(.text.main) refers to main.o(.data.RTD_3) for RTD_3
    main.o(.text.main) refers to main.o(.bss.rtd_3_tempreture) for rtd_3_tempreture
    main.o(.ARM.exidx.text.main) refers to main.o(.text.main) for [Anonymous Symbol]
    main.o(.text.SystemClock_Config) refers to rt_memclr.o(.text) for __aeabi_memclr4
    main.o(.text.SystemClock_Config) refers to stm32g0xx_hal_pwr_ex.o(.text.HAL_PWREx_ControlVoltageScaling) for HAL_PWREx_ControlVoltageScaling
    main.o(.text.SystemClock_Config) refers to stm32g0xx_hal_rcc.o(.text.HAL_RCC_OscConfig) for HAL_RCC_OscConfig
    main.o(.text.SystemClock_Config) refers to stm32g0xx_hal_rcc.o(.text.HAL_RCC_ClockConfig) for HAL_RCC_ClockConfig
    main.o(.text.SystemClock_Config) refers to main.o(.text.Error_Handler) for Error_Handler
    main.o(.ARM.exidx.text.SystemClock_Config) refers to main.o(.text.SystemClock_Config) for [Anonymous Symbol]
    main.o(.text.led_config) refers to stm32g0xx_hal_gpio.o(.text.HAL_GPIO_Init) for HAL_GPIO_Init
    main.o(.ARM.exidx.text.led_config) refers to main.o(.text.led_config) for [Anonymous Symbol]
    main.o(.text.led_on) refers to stm32g0xx_hal_gpio.o(.text.HAL_GPIO_WritePin) for HAL_GPIO_WritePin
    main.o(.ARM.exidx.text.led_on) refers to main.o(.text.led_on) for [Anonymous Symbol]
    main.o(.text.led_off) refers to stm32g0xx_hal_gpio.o(.text.HAL_GPIO_WritePin) for HAL_GPIO_WritePin
    main.o(.ARM.exidx.text.led_off) refers to main.o(.text.led_off) for [Anonymous Symbol]
    main.o(.ARM.exidx.text.Error_Handler) refers to main.o(.text.Error_Handler) for [Anonymous Symbol]
    gpio.o(.ARM.exidx.text.MX_GPIO_Init) refers to gpio.o(.text.MX_GPIO_Init) for [Anonymous Symbol]
    adc.o(.text.HAL_ADC_MspInit) refers to stm32g0xx_hal_rcc_ex.o(.text.HAL_RCCEx_PeriphCLKConfig) for HAL_RCCEx_PeriphCLKConfig
    adc.o(.text.HAL_ADC_MspInit) refers to stm32g0xx_hal_gpio.o(.text.HAL_GPIO_Init) for HAL_GPIO_Init
    adc.o(.text.HAL_ADC_MspInit) refers to stm32g0xx_hal_dma.o(.text.HAL_DMA_Init) for HAL_DMA_Init
    adc.o(.text.HAL_ADC_MspInit) refers to adc.o(.bss.hdma_adc1) for hdma_adc1
    adc.o(.ARM.exidx.text.HAL_ADC_MspInit) refers to adc.o(.text.HAL_ADC_MspInit) for [Anonymous Symbol]
    adc.o(.text.HAL_ADC_MspDeInit) refers to stm32g0xx_hal_gpio.o(.text.HAL_GPIO_DeInit) for HAL_GPIO_DeInit
    adc.o(.text.HAL_ADC_MspDeInit) refers to stm32g0xx_hal_dma.o(.text.HAL_DMA_DeInit) for HAL_DMA_DeInit
    adc.o(.ARM.exidx.text.HAL_ADC_MspDeInit) refers to adc.o(.text.HAL_ADC_MspDeInit) for [Anonymous Symbol]
    adc.o(.text.adc_config_dma) refers to stm32g0xx_hal_adc.o(.text.HAL_ADC_Init) for HAL_ADC_Init
    adc.o(.text.adc_config_dma) refers to adc.o(.bss.hadc1) for hadc1
[...]
    ../fplib/faddsub6m.s                     0x00000000   Number         0  faddsub.o ABSOLUTE
    ../fplib/feqf6m.s                        0x00000000   Number         0  feqf.o ABSOLUTE
    ../fplib/fgeqf6m.s                       0x00000000   Number         0  fgef.o ABSOLUTE
    ../fplib/fleqf6m.s                       0x00000000   Number         0  flef.o ABSOLUTE
    ../fplib/fmul6m.s                        0x00000000   Number         0  fmul.o ABSOLUTE
    ../fplib/usenofp.s                       0x00000000   Number         0  usenofp.o ABSOLUTE
    ../mathlib/sqrt.c                        0x00000000   Number         0  sqrt.o ABSOLUTE
    RTD.c                                    0x00000000   Number         0  rtd.o ABSOLUTE
    adc.c                                    0x00000000   Number         0  adc.o ABSOLUTE
    dc.s                                     0x00000000   Number         0  dc.o ABSOLUTE
    dma.c                                    0x00000000   Number         0  dma.o ABSOLUTE
    gpio.c                                   0x00000000   Number         0  gpio.o ABSOLUTE
    main.c                                   0x00000000   Number         0  main.o ABSOLUTE
    startup_stm32g030xx.s                    0x00000000   Number         0  startup_stm32g030xx.o ABSOLUTE
    stm32g0xx_hal.c                          0x00000000   Number         0  stm32g0xx_hal.o ABSOLUTE
    stm32g0xx_hal_adc.c                      0x00000000   Number         0  stm32g0xx_hal_adc.o ABSOLUTE
    stm32g0xx_hal_adc_ex.c                   0x00000000   Number         0  stm32g0xx_hal_adc_ex.o ABSOLUTE
    stm32g0xx_hal_cortex.c                   0x00000000   Number         0  stm32g0xx_hal_cortex.o ABSOLUTE
    stm32g0xx_hal_dma.c                      0x00000000   Number         0  stm32g0xx_hal_dma.o ABSOLUTE
    stm32g0xx_hal_dma_ex.c                   0x00000000   Number         0  stm32g0xx_hal_dma_ex.o ABSOLUTE
    stm32g0xx_hal_exti.c                     0x00000000   Number         0  stm32g0xx_hal_exti.o ABSOLUTE
    stm32g0xx_hal_flash.c                    0x00000000   Number         0  stm32g0xx_hal_flash.o ABSOLUTE
    stm32g0xx_hal_flash_ex.c                 0x00000000   Number         0  stm32g0xx_hal_flash_ex.o ABSOLUTE
    stm32g0xx_hal_gpio.c                     0x00000000   Number         0  stm32g0xx_hal_gpio.o ABSOLUTE
    stm32g0xx_hal_msp.c                      0x00000000   Number         0  stm32g0xx_hal_msp.o ABSOLUTE
    stm32g0xx_hal_pwr.c                      0x00000000   Number         0  stm32g0xx_hal_pwr.o ABSOLUTE
    stm32g0xx_hal_pwr_ex.c                   0x00000000   Number         0  stm32g0xx_hal_pwr_ex.o ABSOLUTE
    stm32g0xx_hal_rcc.c                      0x00000000   Number         0  stm32g0xx_hal_rcc.o ABSOLUTE
    stm32g0xx_hal_rcc_ex.c                   0x00000000   Number         0  stm32g0xx_hal_rcc_ex.o ABSOLUTE
    stm32g0xx_hal_tim.c                      0x00000000   Number         0  stm32g0xx_hal_tim.o ABSOLUTE
    stm32g0xx_hal_tim_ex.c                   0x00000000   Number         0  stm32g0xx_hal_tim_ex.o ABSOLUTE
    stm32g0xx_it.c                           0x00000000   Number         0  stm32g0xx_it.o ABSOLUTE
    stm32g0xx_ll_adc.c                       0x00000000   Number         0  stm32g0xx_ll_adc.o ABSOLUTE
    stm32g0xx_ll_dma.c                       0x00000000   Number         0  stm32g0xx_ll_dma.o ABSOLUTE
    stm32g0xx_ll_rcc.c                       0x00000000   Number         0  stm32g0xx_ll_rcc.o ABSOLUTE
    system_stm32g0xx.c                       0x00000000   Number         0  system_stm32g0xx.o ABSOLUTE
    RESET                                    0x08000000   Section      192  startup_stm32g030xx.o(RESET)
    !!!main                                  0x080000c0   Section        8  __main.o(!!!main)
    !!!scatter                               0x080000c8   Section       60  __scatter.o(!!!scatter)
    !!handler_zi                             0x08000104   Section       28  __scatter_zi.o(!!handler_zi)
    .ARM.Collect$$libinit$$00000000          0x08000120   Section        2  libinit.o(.ARM.Collect$$libinit$$00000000)
    .ARM.Collect$$libinit$$00000002          0x08000122   Section        0  libinit2.o(.ARM.Collect$$libinit$$00000002)
    .ARM.Collect$$libinit$$00000004          0x08000122   Section        0  libinit2.o(.ARM.Collect$$libinit$$00000004)
    .ARM.Collect$$libinit$$0000000A          0x08000122   Section        0  libinit2.o(.ARM.Collect$$libinit$$0000000A)
    .ARM.Collect$$libinit$$0000000C          0x08000122   Section        0  libinit2.o(.ARM.Collect$$libinit$$0000000C)
    .ARM.Collect$$libinit$$0000000E          0x08000122   Section        0  libinit2.o(.ARM.Collect$$libinit$$0000000E)
    .ARM.Collect$$libinit$$00000011          0x08000122   Section        0  libinit2.o(.ARM.Collect$$libinit$$00000011)
    .ARM.Collect$$libinit$$00000013          0x08000122   Section        0  libinit2.o(.ARM.Collect$$libinit$$00000013)
    .ARM.Collect$$libinit$$00000015          0x08000122   Section        0  libinit2.o(.ARM.Collect$$libinit$$00000015)
    .ARM.Collect$$libinit$$00000017          0x08000122   Section        0  libinit2.o(.ARM.Collect$$libinit$$00000017)
    .ARM.Collect$$libinit$$00000019          0x08000122   Section        0  libinit2.o(.ARM.Collect$$libinit$$00000019)
    .ARM.Collect$$libinit$$0000001B          0x08000122   Section        0  libinit2.o(.ARM.Collect$$libinit$$0000001B)
    .ARM.Collect$$libinit$$0000001D          0x08000122   Section        0  libinit2.o(.ARM.Collect$$libinit$$0000001D)
    .ARM.Collect$$libinit$$0000001F          0x08000122   Section        0  libinit2.o(.ARM.Collect$$libinit$$0000001F)
    .ARM.Collect$$libinit$$00000021          0x08000122   Section        0  libinit2.o(.ARM.Collect$$libinit$$00000021)
    .ARM.Collect$$libinit$$00000023          0x08000122   Section        0  libinit2.o(.ARM.Collect$$libinit$$00000023)
    .ARM.Collect$$libinit$$00000025          0x08000122   Section        0  libinit2.o(.ARM.Collect$$libinit$$00000025)
    .ARM.Collect$$libinit$$0000002C          0x08000122   Section        0  libinit2.o(.ARM.Collect$$libinit$$0000002C)
    .ARM.Collect$$libinit$$0000002E          0x08000122   Section        0  libinit2.o(.ARM.Collect$$libinit$$0000002E)
    .ARM.Collect$$libinit$$00000030          0x08000122   Section        0  libinit2.o(.ARM.Collect$$libinit$$00000030)
    .ARM.Collect$$libinit$$00000032          0x08000122   Section        0  libinit2.o(.ARM.Collect$$libinit$$00000032)
    .ARM.Collect$$libinit$$00000033          0x08000122   Section        2  libinit2.o(.ARM.Collect$$libinit$$00000033)
    .ARM.Collect$$libshutdown$$00000000      0x08000124   Section        2  libshutdown.o(.ARM.Collect$$libshutdown$$00000000)
    .ARM.Collect$$libshutdown$$00000002      0x08000126   Section        0  libshutdown2.o(.ARM.Collect$$libshutdown$$00000002)
    .ARM.Collect$$libshutdown$$00000004      0x08000126   Section        0  libshutdown2.o(.ARM.Collect$$libshutdown$$00000004)
    .ARM.Collect$$libshutdown$$00000007      0x08000126   Section        0  libshutdown2.o(.ARM.Collect$$libshutdown$$00000007)
    .ARM.Collect$$libshutdown$$0000000A      0x08000126   Section        0  libshutdown2.o(.ARM.Collect$$libshutdown$$0000000A)
    .ARM.Collect$$libshutdown$$0000000C      0x08000126   Section        0  libshutdown2.o(.ARM.Collect$$libshutdown$$0000000C)
    .ARM.Collect$$libshutdown$$0000000F      0x08000126   Section        0  libshutdown2.o(.ARM.Collect$$libshutdown$$0000000F)
    .ARM.Collect$$libshutdown$$00000010      0x08000126   Section        2  libshutdown2.o(.ARM.Collect$$libshutdown$$00000010)
    .ARM.Collect$$rtentry$$00000000          0x08000128   Section        0  __rtentry.o(.ARM.Collect$$rtentry$$00000000)
    .ARM.Collect$$rtentry$$00000002          0x08000128   Section        0  __rtentry2.o(.ARM.Collect$$rtentry$$00000002)
    .ARM.Collect$$rtentry$$00000004          0x08000128   Section        6  __rtentry4.o(.ARM.Collect$$rtentry$$00000004)
    .ARM.Collect$$rtentry$$00000009          0x0800012e   Section        0  __rtentry2.o(.ARM.Collect$$rtentry$$00000009)
    .ARM.Collect$$rtentry$$0000000A          0x0800012e   Section        4  __rtentry2.o(.ARM.Collect$$rtentry$$0000000A)
    .ARM.Collect$$rtentry$$0000000C          0x08000132   Section        0  __rtentry2.o(.ARM.Collect$$rtentry$$0000000C)
    .ARM.Collect$$rtentry$$0000000D          0x08000132   Section        8  __rtentry2.o(.ARM.Collect$$rtentry$$0000000D)
    .ARM.Collect$$rtexit$$00000000           0x0800013a   Section        2  rtexit.o(.ARM.Collect$$rtexit$$00000000)
    .ARM.Collect$$rtexit$$00000002           0x0800013c   Section        0  rtexit2.o(.ARM.Collect$$rtexit$$00000002)
    .ARM.Collect$$rtexit$$00000003           0x0800013c   Section        4  rtexit2.o(.ARM.Collect$$rtexit$$00000003)
    .ARM.Collect$$rtexit$$00000004           0x08000140   Section        6  rtexit2.o(.ARM.Collect$$rtexit$$00000004)
    .text                                    0x08000148   Section       56  startup_stm32g030xx.o(.text)
    .text                                    0x08000180   Section        0  rt_memclr.o(.text)
    .text                                    0x080001c0   Section        0  heapauxi.o(.text)
    .text                                    0x080001c8   Section        0  d2f.o(.text)
    _dadd1                                   0x08000245   Thumb Code   290  daddsub.o(.text)
    .text                                    0x08000244   Section        0  daddsub.o(.text)
    _dsub1                                   0x08000367   Thumb Code   470  daddsub.o(.text)
    .text                                    0x0800059c   Section        0  ddiv.o(.text)
    .text                                    0x080009e4   Section        0  dmul.o(.text)
    .text                                    0x08000c2c   Section        0  f2d.o(.text)
    .text                                    0x08000c80   Section        0  fdiv.o(.text)
    .text                                    0x08000de0   Section        0  fflti.o(.text)
    .text                                    0x08000e3e   Section        0  _rserrno.o(.text)
    .text                                    0x08000e54   Section        0  dsqrt.o(.text)
    .text                                    0x08000f54   Section        8  rt_errno_addr_intlibspace.o(.text)
    .text                                    0x08000f5c   Section        0  fcmpin.o(.text)
    .text                                    0x08000fc0   Section        8  libspace.o(.text)
    .text                                    0x08000fc8   Section       62  sys_stackheap_outer.o(.text)
    .text                                    0x08001006   Section        0  exit.o(.text)
    .text                                    0x08001016   Section        0  cmpret.o(.text)
    .text                                    0x08001044   Section        0  fnan2.o(.text)
    .text                                    0x08001054   Section        0  retnan.o(.text)
    .text                                    0x080010b4   Section        0  sys_exit.o(.text)
    .text                                    0x080010c0   Section        2  use_no_semi.o(.text)
    .text                                    0x080010c2   Section        0  indicate_semi.o(.text)
    .text                                    0x080010c2   Section        0  __dczerorl.o(.text)
    ADC_DMAConvCplt                          0x080010fd   Thumb Code   120  stm32g0xx_hal_adc.o(.text.ADC_DMAConvCplt)
    [Anonymous Symbol]                       0x080010fc   Section        0  stm32g0xx_hal_adc.o(.text.ADC_DMAConvCplt)
    ADC_DMAError                             0x08001175   Thumb Code    26  stm32g0xx_hal_adc.o(.text.ADC_DMAError)
    [Anonymous Symbol]                       0x08001174   Section        0  stm32g0xx_hal_adc.o(.text.ADC_DMAError)
    ADC_DMAHalfConvCplt                      0x0800118f   Thumb Code    10  stm32g0xx_hal_adc.o(.text.ADC_DMAHalfConvCplt)
    [Anonymous Symbol]                       0x0800118e   Section        0  stm32g0xx_hal_adc.o(.text.ADC_DMAHalfConvCplt)
    [Anonymous Symbol]                       0x08001198   Section        0  stm32g0xx_hal_adc.o(.text.ADC_Disable)
    [Anonymous Symbol]                       0x08001214   Section        0  stm32g0xx_hal_adc.o(.text.ADC_Enable)
    __arm_cp.14_0                            0x080012b8   Number         4  stm32g0xx_hal_adc.o(.text.ADC_Enable)
    __arm_cp.14_1                            0x080012bc   Number         4  stm32g0xx_hal_adc.o(.text.ADC_Enable)
    __arm_cp.14_2                            0x080012c0   Number         4  stm32g0xx_hal_adc.o(.text.ADC_Enable)
    [Anonymous Symbol]                       0x080012c4   Section        0  stm32g0xx_it.o(.text.DMA1_Channel1_IRQHandler)
    __arm_cp.5_0                             0x080012d8   Number         4  stm32g0xx_it.o(.text.DMA1_Channel1_IRQHandler)
    __arm_cp.5_1                             0x080012dc   Number         4  stm32g0xx_it.o(.text.DMA1_Channel1_IRQHandler)
    DMA_CalcDMAMUXChannelBaseAndMask         0x080012e1   Thumb Code    44  stm32g0xx_hal_dma.o(.text.DMA_CalcDMAMUXChannelBaseAndMask)
    [Anonymous Symbol]                       0x080012e0   Section        0  stm32g0xx_hal_dma.o(.text.DMA_CalcDMAMUXChannelBaseAndMask)
    __arm_cp.1_0                             0x0800130c   Number         4  stm32g0xx_hal_dma.o(.text.DMA_CalcDMAMUXChannelBaseAndMask)
    DMA_CalcDMAMUXRequestGenBaseAndMask      0x08001311   Thumb Code    36  stm32g0xx_hal_dma.o(.text.DMA_CalcDMAMUXRequestGenBaseAndMask)
    [Anonymous Symbol]                       0x08001310   Section        0  stm32g0xx_hal_dma.o(.text.DMA_CalcDMAMUXRequestGenBaseAndMask)
    __arm_cp.2_0                             0x08001334   Number         4  stm32g0xx_hal_dma.o(.text.DMA_CalcDMAMUXRequestGenBaseAndMask)
    DMA_SetConfig                            0x08001339   Thumb Code    64  stm32g0xx_hal_dma.o(.text.DMA_SetConfig)
    [Anonymous Symbol]                       0x08001338   Section        0  stm32g0xx_hal_dma.o(.text.DMA_SetConfig)
    __arm_cp.5_0                             0x08001378   Number         4  stm32g0xx_hal_dma.o(.text.DMA_SetConfig)
    [Anonymous Symbol]                       0x0800137c   Section        0  main.o(.text.Error_Handler)
    [Anonymous Symbol]                       0x08001384   Section        0  stm32g0xx_hal_adc_ex.o(.text.HAL_ADCEx_Calibration_Start)
    __arm_cp.0_0                             0x080014a4   Number         4  stm32g0xx_hal_adc_ex.o(.text.HAL_ADCEx_Calibration_Start)
    __arm_cp.0_1                             0x080014a8   Number         4  stm32g0xx_hal_adc_ex.o(.text.HAL_ADCEx_Calibration_Start)
    __arm_cp.0_2                             0x080014ac   Number         4  stm32g0xx_hal_adc_ex.o(.text.HAL_ADCEx_Calibration_Start)
    [Anonymous Symbol]                       0x080014b0   Section        0  stm32g0xx_hal_adc.o(.text.HAL_ADC_ConfigChannel)
    __arm_cp.35_0                            0x080016c4   Number         4  stm32g0xx_hal_adc.o(.text.HAL_ADC_ConfigChannel)
    __arm_cp.35_1                            0x080016c8   Number         4  stm32g0xx_hal_adc.o(.text.HAL_ADC_ConfigChannel)
    __arm_cp.35_2                            0x080016cc   Number         4  stm32g0xx_hal_adc.o(.text.HAL_ADC_ConfigChannel)
    __arm_cp.35_3                            0x080016d0   Number         4  stm32g0xx_hal_adc.o(.text.HAL_ADC_ConfigChannel)
    [Anonymous Symbol]                       0x080016d4   Section        0  rtd.o(.text.HAL_ADC_ConvCpltCallback)
    __arm_cp.12_0                            0x080016dc   Number         4  rtd.o(.text.HAL_ADC_ConvCpltCallback)
    [Anonymous Symbol]                       0x080016e0   Section        0  stm32g0xx_hal_adc.o(.text.HAL_ADC_ConvHalfCpltCallback)
    [Anonymous Symbol]                       0x080016e2   Section        0  stm32g0xx_hal_adc.o(.text.HAL_ADC_ErrorCallback)
    [Anonymous Symbol]                       0x080016e4   Section        0  stm32g0xx_hal_adc.o(.text.HAL_ADC_Init)
    __arm_cp.0_0                             0x080018f4   Number         4  stm32g0xx_hal_adc.o(.text.HAL_ADC_Init)
    __arm_cp.0_1                             0x080018f8   Number         4  stm32g0xx_hal_adc.o(.text.HAL_ADC_Init)
    __arm_cp.0_2                             0x080018fc   Number         4  stm32g0xx_hal_adc.o(.text.HAL_ADC_Init)
    __arm_cp.0_3                             0x08001900   Number         4  stm32g0xx_hal_adc.o(.text.HAL_ADC_Init)
    __arm_cp.0_4                             0x08001904   Number         4  stm32g0xx_hal_adc.o(.text.HAL_ADC_Init)
    __arm_cp.0_5                             0x08001908   Number         4  stm32g0xx_hal_adc.o(.text.HAL_ADC_Init)
    [Anonymous Symbol]                       0x0800190c   Section        0  adc.o(.text.HAL_ADC_MspInit)
    __arm_cp.0_0                             0x080019a8   Number         4  adc.o(.text.HAL_ADC_MspInit)
    __arm_cp.0_1                             0x080019ac   Number         4  adc.o(.text.HAL_ADC_MspInit)
    __arm_cp.0_2                             0x080019b0   Number         4  adc.o(.text.HAL_ADC_MspInit)
    __arm_cp.0_3                             0x080019b4   Number         4  adc.o(.text.HAL_ADC_MspInit)
    [Anonymous Symbol]                       0x080019b8   Section        0  stm32g0xx_hal_adc.o(.text.HAL_ADC_Start_DMA)
    __arm_cp.22_0                            0x08001a54   Number         4  stm32g0xx_hal_adc.o(.text.HAL_ADC_Start_DMA)
    __arm_cp.22_1                            0x08001a58   Number         4  stm32g0xx_hal_adc.o(.text.HAL_ADC_Start_DMA)
    __arm_cp.22_2                            0x08001a5c   Number         4  stm32g0xx_hal_adc.o(.text.HAL_ADC_Start_DMA)
    __arm_cp.22_3                            0x08001a60   Number         4  stm32g0xx_hal_adc.o(.text.HAL_ADC_Start_DMA)
    [Anonymous Symbol]                       0x08001a64   Section        0  stm32g0xx_hal_dma.o(.text.HAL_DMA_IRQHandler)
    __arm_cp.10_0                            0x08001b18   Number         4  stm32g0xx_hal_dma.o(.text.HAL_DMA_IRQHandler)
    [Anonymous Symbol]                       0x08001b1c   Section        0  stm32g0xx_hal_dma.o(.text.HAL_DMA_Init)
    __arm_cp.0_0                             0x08001bc8   Number         4  stm32g0xx_hal_dma.o(.text.HAL_DMA_Init)
    __arm_cp.0_1                             0x08001bcc   Number         4  stm32g0xx_hal_dma.o(.text.HAL_DMA_Init)
    [Anonymous Symbol]                       0x08001bd0   Section        0  stm32g0xx_hal_dma.o(.text.HAL_DMA_Start_IT)
    [Anonymous Symbol]                       0x08001c58   Section        0  stm32g0xx_hal_gpio.o(.text.HAL_GPIO_Init)
    __arm_cp.0_0                             0x08001ddc   Number         4  stm32g0xx_hal_gpio.o(.text.HAL_GPIO_Init)
    __arm_cp.0_1                             0x08001de0   Number         4  stm32g0xx_hal_gpio.o(.text.HAL_GPIO_Init)
    __arm_cp.0_2                             0x08001de4   Number         4  stm32g0xx_hal_gpio.o(.text.HAL_GPIO_Init)
    __arm_cp.0_3                             0x08001de8   Number         4  stm32g0xx_hal_gpio.o(.text.HAL_GPIO_Init)
    __arm_cp.0_4                             0x08001dec   Number         4  stm32g0xx_hal_gpio.o(.text.HAL_GPIO_Init)
    [Anonymous Symbol]                       0x08001df0   Section        0  stm32g0xx_hal_gpio.o(.text.HAL_GPIO_WritePin)
    [Anonymous Symbol]                       0x08001e00   Section        0  stm32g0xx_hal.o(.text.HAL_GetTick)
    [Anonymous Symbol]                       0x08001e08   Section        0  stm32g0xx_hal.o(.text.HAL_IncTick)
    __arm_cp.5_1                             0x08001e18   Number         4  stm32g0xx_hal.o(.text.HAL_IncTick)
    [Anonymous Symbol]                       0x08001e1c   Section        0  stm32g0xx_hal.o(.text.HAL_Init)
    [Anonymous Symbol]                       0x08001e44   Section        0  stm32g0xx_hal.o(.text.HAL_InitTick)
    __arm_cp.1_0                             0x08001e84   Number         4  stm32g0xx_hal.o(.text.HAL_InitTick)
    [Anonymous Symbol]                       0x08001e88   Section        0  stm32g0xx_hal_msp.o(.text.HAL_MspInit)
    __arm_cp.0_0                             0x08001eb0   Number         4  stm32g0xx_hal_msp.o(.text.HAL_MspInit)
    [Anonymous Symbol]                       0x08001eb4   Section        0  stm32g0xx_hal_cortex.o(.text.HAL_NVIC_EnableIRQ)
    [Anonymous Symbol]                       0x08001ebc   Section        0  stm32g0xx_hal_cortex.o(.text.HAL_NVIC_SetPriority)
    [Anonymous Symbol]                       0x08001ec4   Section        0  stm32g0xx_hal_pwr_ex.o(.text.HAL_PWREx_ControlVoltageScaling)
    __arm_cp.13_2                            0x08001f0c   Number         4  stm32g0xx_hal_pwr_ex.o(.text.HAL_PWREx_ControlVoltageScaling)
    [Anonymous Symbol]                       0x08001f10   Section        0  stm32g0xx_hal_rcc_ex.o(.text.HAL_RCCEx_PeriphCLKConfig)
    __arm_cp.0_0                             0x08002084   Number         4  stm32g0xx_hal_rcc_ex.o(.text.HAL_RCCEx_PeriphCLKConfig)
    __arm_cp.0_1                             0x08002088   Number         4  stm32g0xx_hal_rcc_ex.o(.text.HAL_RCCEx_PeriphCLKConfig)
    __arm_cp.0_2                             0x0800208c   Number         4  stm32g0xx_hal_rcc_ex.o(.text.HAL_RCCEx_PeriphCLKConfig)
    __arm_cp.0_3                             0x08002090   Number         4  stm32g0xx_hal_rcc_ex.o(.text.HAL_RCCEx_PeriphCLKConfig)
    [Anonymous Symbol]                       0x08002094   Section        0  stm32g0xx_hal_rcc.o(.text.HAL_RCC_ClockConfig)
    __arm_cp.2_0                             0x080021f4   Number         4  stm32g0xx_hal_rcc.o(.text.HAL_RCC_ClockConfig)
    __arm_cp.2_1                             0x080021f8   Number         4  stm32g0xx_hal_rcc.o(.text.HAL_RCC_ClockConfig)
    __arm_cp.2_3                             0x080021fc   Number         4  stm32g0xx_hal_rcc.o(.text.HAL_RCC_ClockConfig)
    __arm_cp.2_4                             0x08002200   Number         4  stm32g0xx_hal_rcc.o(.text.HAL_RCC_ClockConfig)
    __arm_cp.2_5                             0x08002204   Number         4  stm32g0xx_hal_rcc.o(.text.HAL_RCC_ClockConfig)
    [Anonymous Symbol]                       0x08002208   Section        0  stm32g0xx_hal_rcc.o(.text.HAL_RCC_GetSysClockFreq)
    __arm_cp.3_0                             0x08002284   Number         4  stm32g0xx_hal_rcc.o(.text.HAL_RCC_GetSysClockFreq)
    __arm_cp.3_1                             0x08002288   Number         4  stm32g0xx_hal_rcc.o(.text.HAL_RCC_GetSysClockFreq)
    __arm_cp.3_2                             0x0800228c   Number         4  stm32g0xx_hal_rcc.o(.text.HAL_RCC_GetSysClockFreq)
    [Anonymous Symbol]                       0x08002290   Section        0  stm32g0xx_hal_rcc.o(.text.HAL_RCC_OscConfig)
    __arm_cp.1_9                             0x0800269c   Number         4  stm32g0xx_hal_rcc.o(.text.HAL_RCC_OscConfig)
    __arm_cp.1_1                             0x080026a8   Number         4  stm32g0xx_hal_rcc.o(.text.HAL_RCC_OscConfig)
    __arm_cp.1_2                             0x080026ac   Number         4  stm32g0xx_hal_rcc.o(.text.HAL_RCC_OscConfig)
    __arm_cp.1_3                             0x080026b0   Number         4  stm32g0xx_hal_rcc.o(.text.HAL_RCC_OscConfig)
    __arm_cp.1_4                             0x080026b4   Number         4  stm32g0xx_hal_rcc.o(.text.HAL_RCC_OscConfig)
    __arm_cp.1_5                             0x080026b8   Number         4  stm32g0xx_hal_rcc.o(.text.HAL_RCC_OscConfig)
    __arm_cp.1_6                             0x080026bc   Number         4  stm32g0xx_hal_rcc.o(.text.HAL_RCC_OscConfig)
    __arm_cp.1_7                             0x080026c0   Number         4  stm32g0xx_hal_rcc.o(.text.HAL_RCC_OscConfig)
    [Anonymous Symbol]                       0x080026c4   Section        0  stm32g0xx_hal_cortex.o(.text.HAL_SYSTICK_Config)
    [Anonymous Symbol]                       0x080026cc   Section        0  stm32g0xx_it.o(.text.HardFault_Handler)
    LL_ADC_Disable                           0x080026d1   Thumb Code    12  stm32g0xx_hal_adc.o(.text.LL_ADC_Disable)
    [Anonymous Symbol]                       0x080026d0   Section        0  stm32g0xx_hal_adc.o(.text.LL_ADC_Disable)
    LL_ADC_Disable                           0x080026dd   Thumb Code    12  stm32g0xx_hal_adc_ex.o(.text.LL_ADC_Disable)
    [Anonymous Symbol]                       0x080026dc   Section        0  stm32g0xx_hal_adc_ex.o(.text.LL_ADC_Disable)
    LL_ADC_Enable                            0x080026e9   Thumb Code    12  stm32g0xx_hal_adc.o(.text.LL_ADC_Enable)
    [Anonymous Symbol]                       0x080026e8   Section        0  stm32g0xx_hal_adc.o(.text.LL_ADC_Enable)
    LL_ADC_Enable                            0x080026f5   Thumb Code    12  stm32g0xx_hal_adc_ex.o(.text.LL_ADC_Enable)
    [Anonymous Symbol]                       0x080026f4   Section        0  stm32g0xx_hal_adc_ex.o(.text.LL_ADC_Enable)
    LL_ADC_EnableInternalRegulator           0x08002701   Thumb Code    16  stm32g0xx_hal_adc.o(.text.LL_ADC_EnableInternalRegulator)
    [Anonymous Symbol]                       0x08002700   Section        0  stm32g0xx_hal_adc.o(.text.LL_ADC_EnableInternalRegulator)
    __arm_cp.3_0                             0x08002710   Number         4  stm32g0xx_hal_adc.o(.text.LL_ADC_EnableInternalRegulator)
    LL_ADC_GetCalibrationFactor              0x08002715   Thumb Code    10  stm32g0xx_hal_adc_ex.o(.text.LL_ADC_GetCalibrationFactor)
    [Anonymous Symbol]                       0x08002714   Section        0  stm32g0xx_hal_adc_ex.o(.text.LL_ADC_GetCalibrationFactor)
    LL_ADC_GetCommonPathInternalCh           0x08002721   Thumb Code    12  stm32g0xx_hal_adc.o(.text.LL_ADC_GetCommonPathInternalCh)
    [Anonymous Symbol]                       0x08002720   Section        0  stm32g0xx_hal_adc.o(.text.LL_ADC_GetCommonPathInternalCh)
    LL_ADC_GetSamplingTimeCommonChannels     0x0800272d   Thumb Code     8  stm32g0xx_hal_adc.o(.text.LL_ADC_GetSamplingTimeCommonChannels)
    [Anonymous Symbol]                       0x0800272c   Section        0  stm32g0xx_hal_adc.o(.text.LL_ADC_GetSamplingTimeCommonChannels)
    LL_ADC_IsCalibrationOnGoing              0x08002735   Thumb Code     6  stm32g0xx_hal_adc_ex.o(.text.LL_ADC_IsCalibrationOnGoing)
    [Anonymous Symbol]                       0x08002734   Section        0  stm32g0xx_hal_adc_ex.o(.text.LL_ADC_IsCalibrationOnGoing)
    LL_ADC_IsDisableOngoing                  0x0800273b   Thumb Code     8  stm32g0xx_hal_adc.o(.text.LL_ADC_IsDisableOngoing)
    [Anonymous Symbol]                       0x0800273a   Section        0  stm32g0xx_hal_adc.o(.text.LL_ADC_IsDisableOngoing)
    LL_ADC_IsEnabled                         0x08002743   Thumb Code     8  stm32g0xx_hal_adc.o(.text.LL_ADC_IsEnabled)
    [Anonymous Symbol]                       0x08002742   Section        0  stm32g0xx_hal_adc.o(.text.LL_ADC_IsEnabled)
    LL_ADC_IsEnabled                         0x0800274b   Thumb Code     8  stm32g0xx_hal_adc_ex.o(.text.LL_ADC_IsEnabled)
    [Anonymous Symbol]                       0x0800274a   Section        0  stm32g0xx_hal_adc_ex.o(.text.LL_ADC_IsEnabled)
    LL_ADC_IsInternalRegulatorEnabled        0x08002753   Thumb Code     8  stm32g0xx_hal_adc.o(.text.LL_ADC_IsInternalRegulatorEnabled)
    [Anonymous Symbol]                       0x08002752   Section        0  stm32g0xx_hal_adc.o(.text.LL_ADC_IsInternalRegulatorEnabled)
    LL_ADC_REG_IsConversionOngoing           0x0800275b   Thumb Code     8  stm32g0xx_hal_adc.o(.text.LL_ADC_REG_IsConversionOngoing)
    [Anonymous Symbol]                       0x0800275a   Section        0  stm32g0xx_hal_adc.o(.text.LL_ADC_REG_IsConversionOngoing)
    LL_ADC_REG_IsTriggerSourceSWStart        0x08002763   Thumb Code    14  stm32g0xx_hal_adc.o(.text.LL_ADC_REG_IsTriggerSourceSWStart)
    [Anonymous Symbol]                       0x08002762   Section        0  stm32g0xx_hal_adc.o(.text.LL_ADC_REG_IsTriggerSourceSWStart)
    LL_ADC_REG_SetSequencerChAdd             0x08002771   Thumb Code    12  stm32g0xx_hal_adc.o(.text.LL_ADC_REG_SetSequencerChAdd)
    [Anonymous Symbol]                       0x08002770   Section        0  stm32g0xx_hal_adc.o(.text.LL_ADC_REG_SetSequencerChAdd)
    __arm_cp.36_0                            0x0800277c   Number         4  stm32g0xx_hal_adc.o(.text.LL_ADC_REG_SetSequencerChAdd)
    LL_ADC_REG_SetSequencerChRem             0x08002781   Thumb Code    16  stm32g0xx_hal_adc.o(.text.LL_ADC_REG_SetSequencerChRem)
    [Anonymous Symbol]                       0x08002780   Section        0  stm32g0xx_hal_adc.o(.text.LL_ADC_REG_SetSequencerChRem)
    __arm_cp.41_0                            0x08002790   Number         4  stm32g0xx_hal_adc.o(.text.LL_ADC_REG_SetSequencerChRem)
    LL_ADC_REG_SetSequencerRanks             0x08002795   Thumb Code    24  stm32g0xx_hal_adc.o(.text.LL_ADC_REG_SetSequencerRanks)
    [Anonymous Symbol]                       0x08002794   Section        0  stm32g0xx_hal_adc.o(.text.LL_ADC_REG_SetSequencerRanks)
    LL_ADC_REG_StartConversion               0x080027ad   Thumb Code    12  stm32g0xx_hal_adc.o(.text.LL_ADC_REG_StartConversion)
    [Anonymous Symbol]                       0x080027ac   Section        0  stm32g0xx_hal_adc.o(.text.LL_ADC_REG_StartConversion)
    LL_ADC_SetCalibrationFactor              0x080027b9   Thumb Code    16  stm32g0xx_hal_adc_ex.o(.text.LL_ADC_SetCalibrationFactor)
    [Anonymous Symbol]                       0x080027b8   Section        0  stm32g0xx_hal_adc_ex.o(.text.LL_ADC_SetCalibrationFactor)
    LL_ADC_SetChannelSamplingTime            0x080027c9   Thumb Code    20  stm32g0xx_hal_adc.o(.text.LL_ADC_SetChannelSamplingTime)
    [Anonymous Symbol]                       0x080027c8   Section        0  stm32g0xx_hal_adc.o(.text.LL_ADC_SetChannelSamplingTime)
    __arm_cp.38_0                            0x080027dc   Number         4  stm32g0xx_hal_adc.o(.text.LL_ADC_SetChannelSamplingTime)
    LL_ADC_SetCommonPathInternalCh           0x080027e1   Thumb Code    16  stm32g0xx_hal_adc.o(.text.LL_ADC_SetCommonPathInternalCh)
    [Anonymous Symbol]                       0x080027e0   Section        0  stm32g0xx_hal_adc.o(.text.LL_ADC_SetCommonPathInternalCh)
    __arm_cp.40_0                            0x080027f0   Number         4  stm32g0xx_hal_adc.o(.text.LL_ADC_SetCommonPathInternalCh)
    LL_ADC_SetSamplingTimeCommonChannels     0x080027f5   Thumb Code    20  stm32g0xx_hal_adc.o(.text.LL_ADC_SetSamplingTimeCommonChannels)
    [Anonymous Symbol]                       0x080027f4   Section        0  stm32g0xx_hal_adc.o(.text.LL_ADC_SetSamplingTimeCommonChannels)
    LL_ADC_StartCalibration                  0x08002809   Thumb Code    16  stm32g0xx_hal_adc_ex.o(.text.LL_ADC_StartCalibration)
    [Anonymous Symbol]                       0x08002808   Section        0  stm32g0xx_hal_adc_ex.o(.text.LL_ADC_StartCalibration)
    __arm_cp.2_0                             0x08002818   Number         4  stm32g0xx_hal_adc_ex.o(.text.LL_ADC_StartCalibration)
    [Anonymous Symbol]                       0x0800281c   Section        0  stm32g0xx_it.o(.text.NMI_Handler)
    [Anonymous Symbol]                       0x0800281e   Section        0  stm32g0xx_it.o(.text.PendSV_Handler)
    [Anonymous Symbol]                       0x08002820   Section        0  rtd.o(.text.RTD_Full_Convertion)
    __arm_cp.10_2                            0x08002874   Number         4  rtd.o(.text.RTD_Full_Convertion)
    [Anonymous Symbol]                       0x08002878   Section        0  rtd.o(.text.RTD_Init)
    __arm_cp.1_0                             0x080028d0   Number         4  rtd.o(.text.RTD_Init)
    __arm_cp.1_1                             0x080028d4   Number         4  rtd.o(.text.RTD_Init)
    __arm_cp.1_2                             0x080028d8   Number         4  rtd.o(.text.RTD_Init)
    __arm_cp.1_3                             0x080028dc   Number         4  rtd.o(.text.RTD_Init)
    [Anonymous Symbol]                       0x080028e0   Section        0  rtd.o(.text.RTD_Raw_ADC_Mean_Get)
    [Anonymous Symbol]                       0x080028e8   Section        0  rtd.o(.text.RTD_Raw_ADC_Set_DMA)
    __arm_cp.7_0                             0x08002930   Number         4  rtd.o(.text.RTD_Raw_ADC_Set_DMA)
    __arm_cp.7_1                             0x08002934   Number         4  rtd.o(.text.RTD_Raw_ADC_Set_DMA)
    __arm_cp.7_2                             0x08002938   Number         4  rtd.o(.text.RTD_Raw_ADC_Set_DMA)
    RTD_Raw_Adc_Mean                         0x0800293d   Thumb Code    96  rtd.o(.text.RTD_Raw_Adc_Mean)
    [Anonymous Symbol]                       0x0800293c   Section        0  rtd.o(.text.RTD_Raw_Adc_Mean)
    __arm_cp.11_0                            0x0800299c   Number         4  rtd.o(.text.RTD_Raw_Adc_Mean)
    __arm_cp.11_1                            0x080029a0   Number         4  rtd.o(.text.RTD_Raw_Adc_Mean)
    __arm_cp.11_2                            0x080029a4   Number         4  rtd.o(.text.RTD_Raw_Adc_Mean)
    __arm_cp.11_3                            0x080029a8   Number         4  rtd.o(.text.RTD_Raw_Adc_Mean)
    [Anonymous Symbol]                       0x080029ac   Section        0  rtd.o(.text.RTD_Resistance_Read)
    __arm_cp.2_0                             0x080029d4   Number         4  rtd.o(.text.RTD_Resistance_Read)
    __arm_cp.2_1                             0x080029d8   Number         4  rtd.o(.text.RTD_Resistance_Read)
    [Anonymous Symbol]                       0x080029dc   Section        0  rtd.o(.text.RTD_Tempreture_Get)
    [Anonymous Symbol]                       0x080029e4   Section        0  rtd.o(.text.RTD_Tempreture_Read_Mathematicall)
    __arm_cp.4_0                             0x08002b30   Number         4  rtd.o(.text.RTD_Tempreture_Read_Mathematicall)
    __arm_cp.4_1                             0x08002b34   Number         4  rtd.o(.text.RTD_Tempreture_Read_Mathematicall)
    __arm_cp.4_2                             0x08002b38   Number         4  rtd.o(.text.RTD_Tempreture_Read_Mathematicall)
    __arm_cp.4_3                             0x08002b3c   Number         4  rtd.o(.text.RTD_Tempreture_Read_Mathematicall)
    __arm_cp.4_4                             0x08002b40   Number         4  rtd.o(.text.RTD_Tempreture_Read_Mathematicall)
    __arm_cp.4_5                             0x08002b44   Number         4  rtd.o(.text.RTD_Tempreture_Read_Mathematicall)
    __arm_cp.4_6                             0x08002b48   Number         4  rtd.o(.text.RTD_Tempreture_Read_Mathematicall)
    __arm_cp.4_7                             0x08002b4c   Number         4  rtd.o(.text.RTD_Tempreture_Read_Mathematicall)
    __arm_cp.4_8                             0x08002b50   Number         4  rtd.o(.text.RTD_Tempreture_Read_Mathematicall)
    __arm_cp.4_9                             0x08002b54   Number         4  rtd.o(.text.RTD_Tempreture_Read_Mathematicall)
    __arm_cp.4_10                            0x08002b58   Number         4  rtd.o(.text.RTD_Tempreture_Read_Mathematicall)
    __arm_cp.4_11                            0x08002b5c   Number         4  rtd.o(.text.RTD_Tempreture_Read_Mathematicall)
    __arm_cp.4_12                            0x08002b60   Number         4  rtd.o(.text.RTD_Tempreture_Read_Mathematicall)
    __arm_cp.4_13                            0x08002b64   Number         4  rtd.o(.text.RTD_Tempreture_Read_Mathematicall)
    __arm_cp.4_14                            0x08002b68   Number         4  rtd.o(.text.RTD_Tempreture_Read_Mathematicall)
    __arm_cp.4_15                            0x08002b6c   Number         4  rtd.o(.text.RTD_Tempreture_Read_Mathematicall)
    __arm_cp.4_16                            0x08002b70   Number         4  rtd.o(.text.RTD_Tempreture_Read_Mathematicall)
    __arm_cp.4_17                            0x08002b74   Number         4  rtd.o(.text.RTD_Tempreture_Read_Mathematicall)
    __arm_cp.4_18                            0x08002b78   Number         4  rtd.o(.text.RTD_Tempreture_Read_Mathematicall)
    [Anonymous Symbol]                       0x08002b7c   Section        0  stm32g0xx_it.o(.text.SVC_Handler)
    SysTick_Config                           0x08002b81   Thumb Code    36  stm32g0xx_hal_cortex.o(.text.SysTick_Config)
    [Anonymous Symbol]                       0x08002b80   Section        0  stm32g0xx_hal_cortex.o(.text.SysTick_Config)
    __arm_cp.9_0                             0x08002ba4   Number         4  stm32g0xx_hal_cortex.o(.text.SysTick_Config)
    [Anonymous Symbol]                       0x08002ba8   Section        0  stm32g0xx_it.o(.text.SysTick_Handler)
    [Anonymous Symbol]                       0x08002bb0   Section        0  main.o(.text.SystemClock_Config)
    [Anonymous Symbol]                       0x08002c18   Section        0  system_stm32g0xx.o(.text.SystemInit)
    __NVIC_EnableIRQ                         0x08002c1d   Thumb Code    20  stm32g0xx_hal_cortex.o(.text.__NVIC_EnableIRQ)
    [Anonymous Symbol]                       0x08002c1c   Section        0  stm32g0xx_hal_cortex.o(.text.__NVIC_EnableIRQ)
    __arm_cp.3_0                             0x08002c30   Number         4  stm32g0xx_hal_cortex.o(.text.__NVIC_EnableIRQ)
    __NVIC_SetPriority                       0x08002c35   Thumb Code    56  stm32g0xx_hal_cortex.o(.text.__NVIC_SetPriority)
    [Anonymous Symbol]                       0x08002c34   Section        0  stm32g0xx_hal_cortex.o(.text.__NVIC_SetPriority)
    __arm_cp.1_0                             0x08002c6c   Number         4  stm32g0xx_hal_cortex.o(.text.__NVIC_SetPriority)
    __arm_cp.1_1                             0x08002c70   Number         4  stm32g0xx_hal_cortex.o(.text.__NVIC_SetPriority)
    [Anonymous Symbol]                       0x08002c74   Section        0  adc.o(.text.adc_config_channel)
    __arm_cp.4_0                             0x08002c84   Number         4  adc.o(.text.adc_config_channel)
    [Anonymous Symbol]                       0x08002c88   Section        0  adc.o(.text.adc_config_dma)
    __arm_cp.2_0                             0x08002cd0   Number         4  adc.o(.text.adc_config_dma)
    __arm_cp.2_1                             0x08002cd4   Number         4  adc.o(.text.adc_config_dma)
    [Anonymous Symbol]                       0x08002cd8   Section        0  adc.o(.text.calibrate_adc)
    [Anonymous Symbol]                       0x08002ce4   Section        0  main.o(.text.led_config)
    __arm_cp.2_0                             0x08002d54   Number         4  main.o(.text.led_config)
    [Anonymous Symbol]                       0x08002d58   Section        0  main.o(.text.led_off)
    [Anonymous Symbol]                       0x08002d6a   Section        0  main.o(.text.led_on)
    [Anonymous Symbol]                       0x08002d7c   Section        0  main.o(.text.main)
    __arm_cp.0_0                             0x08002da4   Number         4  main.o(.text.main)
    __arm_cp.0_1                             0x08002da8   Number         4  main.o(.text.main)
    .text_divfast                            0x08002dac   Section      502  aeabi_sdivfast.o(.text_divfast)
    i._fgeq                                  0x08002fa2   Section        0  fcmp.o(i._fgeq)
    i.sqrt                                   0x08002fb8   Section        0  sqrt.o(i.sqrt)
    x$fpl$fadd                               0x08003000   Section      140  faddsub.o(x$fpl$fadd)
    _fadd1                                   0x0800300d   Thumb Code     0  faddsub.o(x$fpl$fadd)
    x$fpl$fgeqf                              0x0800308c   Section       84  fgef.o(x$fpl$fgeqf)
    x$fpl$fmul                               0x080030e0   Section      176  fmul.o(x$fpl$fmul)
    x$fpl$fsub                               0x08003190   Section      208  faddsub.o(x$fpl$fsub)
    _fsub1                                   0x0800319d   Thumb Code     0  faddsub.o(x$fpl$fsub)
    ddiv_reciptbl                            0x08003260   Data         128  ddiv.o(.constdata)
    .constdata                               0x08003260   Section      128  ddiv.o(.constdata)
    x$fpl$usenofp                            0x08003260   Section        0  usenofp.o(x$fpl$usenofp)
    fdiv_tab                                 0x080032e0   Data          64  fdiv.o(.constdata)
    .constdata                               0x080032e0   Section       64  fdiv.o(.constdata)
    .bss                                     0x20000878   Section       96  libspace.o(.bss)
    Heap_Mem                                 0x200009b0   Data         512  startup_stm32g030xx.o(HEAP)
    HEAP                                     0x200009b0   Section      512  startup_stm32g030xx.o(HEAP)
    Stack_Mem                                0x20000bb0   Data        1024  startup_stm32g030xx.o(STACK)
    STACK                                    0x20000bb0   Section     1024  startup_stm32g030xx.o(STACK)
    __initial_sp                             0x20000fb0   Data           0  startup_stm32g030xx.o(STACK)

    Global Symbols

    Symbol Name                              Value     Ov Type        Size  Object(Section)

    BuildAttributes$$THM_ISAv3M$S$PE$A:L22$X:L11$S22$IEEE1$IW$~IW$USESV6$~STKCKD$USESV7$~SHL$OTIME$ROPI$IEEEJ$EBA8$UX$STANDARDLIB$REQ8$PRES8$EABIv2 0x00000000   Number         0  anon$$obj.o ABSOLUTE
    __ARM_exceptions_init                     - Undefined Weak Reference
    __alloca_initialize                       - Undefined Weak Reference
    __arm_preinit_                            - Undefined Weak Reference
    __cpp_initialize__aeabi_                  - Undefined Weak Reference
    __cxa_finalize                            - Undefined Weak Reference
    __rt_locale                               - Undefined Weak Reference
    __sigvec_lookup                           - Undefined Weak Reference
    _atexit_init                              - Undefined Weak Reference
    _call_atexit_fns                          - Undefined Weak Reference
    _clock_init                               - Undefined Weak Reference
    _fp_trap_init                             - Undefined Weak Reference
    _fp_trap_shutdown                         - Undefined Weak Reference
    _get_lc_collate                           - Undefined Weak Reference
    _get_lc_ctype                             - Undefined Weak Reference
    _get_lc_monetary                          - Undefined Weak Reference
    _get_lc_numeric                           - Undefined Weak Reference
    _get_lc_time                              - Undefined Weak Reference
    _getenv_init                              - Undefined Weak Reference
    _handle_redirection                       - Undefined Weak Reference
    _init_alloc                               - Undefined Weak Reference
    _init_user_alloc                          - Undefined Weak Reference
    _initio                                   - Undefined Weak Reference
    _rand_init                                - Undefined Weak Reference
    _signal_finish                            - Undefined Weak Reference
    _signal_init                              - Undefined Weak Reference
    _terminate_alloc                          - Undefined Weak Reference
    _terminate_user_alloc                     - Undefined Weak Reference
    _terminateio                              - Undefined Weak Reference
    __Vectors_Size                           0x000000c0   Number         0  startup_stm32g030xx.o ABSOLUTE
    __Vectors                                0x08000000   Data           4  startup_stm32g030xx.o(RESET)
    __Vectors_End                            0x080000c0   Data           0  startup_stm32g030xx.o(RESET)
    __main                                   0x080000c1   Thumb Code     8  __main.o(!!!main)
    __scatterload                            0x080000c9   Thumb Code     0  __scatter.o(!!!scatter)
    __scatterload_rt2                        0x080000c9   Thumb Code    52  __scatter.o(!!!scatter)
    __scatterload_rt2_thumb_only             0x080000c9   Thumb Code     0  __scatter.o(!!!scatter)
    __scatterload_null                       0x080000d9   Thumb Code     0  __scatter.o(!!!scatter)
    __scatterload_zeroinit                   0x08000105   Thumb Code    28  __scatter_zi.o(!!handler_zi)
    __rt_lib_init                            0x08000121   Thumb Code     0  libinit.o(.ARM.Collect$$libinit$$00000000)
    __rt_lib_init_alloca_1                   0x08000123   Thumb Code     0  libinit2.o(.ARM.Collect$$libinit$$0000002E)
    __rt_lib_init_argv_1                     0x08000123   Thumb Code     0  libinit2.o(.ARM.Collect$$libinit$$0000002C)
    __rt_lib_init_atexit_1                   0x08000123   Thumb Code     0  libinit2.o(.ARM.Collect$$libinit$$0000001B)
    __rt_lib_init_clock_1                    0x08000123   Thumb Code     0  libinit2.o(.ARM.Collect$$libinit$$00000021)
    __rt_lib_init_cpp_1                      0x08000123   Thumb Code     0  libinit2.o(.ARM.Collect$$libinit$$00000032)
    __rt_lib_init_exceptions_1               0x08000123   Thumb Code     0  libinit2.o(.ARM.Collect$$libinit$$00000030)
    __rt_lib_init_fp_1                       0x08000123   Thumb Code     0  libinit2.o(.ARM.Collect$$libinit$$00000002)
    __rt_lib_init_fp_trap_1                  0x08000123   Thumb Code     0  libinit2.o(.ARM.Collect$$libinit$$0000001F)
    __rt_lib_init_getenv_1                   0x08000123   Thumb Code     0  libinit2.o(.ARM.Collect$$libinit$$00000023)
    __rt_lib_init_heap_1                     0x08000123   Thumb Code     0  libinit2.o(.ARM.Collect$$libinit$$0000000A)
    __rt_lib_init_lc_collate_1               0x08000123   Thumb Code     0  libinit2.o(.ARM.Collect$$libinit$$00000011)
    __rt_lib_init_lc_ctype_1                 0x08000123   Thumb Code     0  libinit2.o(.ARM.Collect$$libinit$$00000013)
    __rt_lib_init_lc_monetary_1              0x08000123   Thumb Code     0  libinit2.o(.ARM.Collect$$libinit$$00000015)
    __rt_lib_init_lc_numeric_1               0x08000123   Thumb Code     0  libinit2.o(.ARM.Collect$$libinit$$00000017)
    __rt_lib_init_lc_time_1                  0x08000123   Thumb Code     0  libinit2.o(.ARM.Collect$$libinit$$00000019)
    __rt_lib_init_preinit_1                  0x08000123   Thumb Code     0  libinit2.o(.ARM.Collect$$libinit$$00000004)
    __rt_lib_init_rand_1                     0x08000123   Thumb Code     0  libinit2.o(.ARM.Collect$$libinit$$0000000E)
    __rt_lib_init_return                     0x08000123   Thumb Code     0  libinit2.o(.ARM.Collect$$libinit$$00000033)
    __rt_lib_init_signal_1                   0x08000123   Thumb Code     0  libinit2.o(.ARM.Collect$$libinit$$0000001D)
    __rt_lib_init_stdio_1                    0x08000123   Thumb Code     0  libinit2.o(.ARM.Collect$$libinit$$00000025)
    __rt_lib_init_user_alloc_1               0x08000123   Thumb Code     0  libinit2.o(.ARM.Collect$$libinit$$0000000C)
    __rt_lib_shutdown                        0x08000125   Thumb Code     0  libshutdown.o(.ARM.Collect$$libshutdown$$00000000)
    __rt_lib_shutdown_cpp_1                  0x08000127   Thumb Code     0  libshutdown2.o(.ARM.Collect$$libshutdown$$00000002)
    __rt_lib_shutdown_fp_trap_1              0x08000127   Thumb Code     0  libshutdown2.o(.ARM.Collect$$libshutdown$$00000007)
    __rt_lib_shutdown_heap_1                 0x08000127   Thumb Code     0  libshutdown2.o(.ARM.Collect$$libshutdown$$0000000F)
    __rt_lib_shutdown_return                 0x08000127   Thumb Code     0  libshutdown2.o(.ARM.Collect$$libshutdown$$00000010)
    __rt_lib_shutdown_signal_1               0x08000127   Thumb Code     0  libshutdown2.o(.ARM.Collect$$libshutdown$$0000000A)
    __rt_lib_shutdown_stdio_1                0x08000127   Thumb Code     0  libshutdown2.o(.ARM.Collect$$libshutdown$$00000004)
    __rt_lib_shutdown_user_alloc_1           0x08000127   Thumb Code     0  libshutdown2.o(.ARM.Collect$$libshutdown$$0000000C)
    __rt_entry                               0x08000129   Thumb Code     0  __rtentry.o(.ARM.Collect$$rtentry$$00000000)
    __rt_entry_presh_1                       0x08000129   Thumb Code     0  __rtentry2.o(.ARM.Collect$$rtentry$$00000002)
    __rt_entry_sh                            0x08000129   Thumb Code     0  __rtentry4.o(.ARM.Collect$$rtentry$$00000004)
    __rt_entry_li                            0x0800012f   Thumb Code     0  __rtentry2.o(.ARM.Collect$$rtentry$$0000000A)
    __rt_entry_postsh_1                      0x0800012f   Thumb Code     0  __rtentry2.o(.ARM.Collect$$rtentry$$00000009)
    __rt_entry_main                          0x08000133   Thumb Code     0  __rtentry2.o(.ARM.Collect$$rtentry$$0000000D)
    __rt_entry_postli_1                      0x08000133   Thumb Code     0  __rtentry2.o(.ARM.Collect$$rtentry$$0000000C)
    __rt_exit                                0x0800013b   Thumb Code     0  rtexit.o(.ARM.Collect$$rtexit$$00000000)
    __rt_exit_ls                             0x0800013d   Thumb Code     0  rtexit2.o(.ARM.Collect$$rtexit$$00000003)
    __rt_exit_prels_1                        0x0800013d   Thumb Code     0  rtexit2.o(.ARM.Collect$$rtexit$$00000002)
    __rt_exit_exit                           0x08000141   Thumb Code     0  rtexit2.o(.ARM.Collect$$rtexit$$00000004)
    Reset_Handler                            0x08000149   Thumb Code     8  startup_stm32g030xx.o(.text)
    ADC1_IRQHandler                          0x0800015b   Thumb Code     0  startup_stm32g030xx.o(.text)
    DMA1_Ch4_5_DMAMUX1_OVR_IRQHandler        0x0800015b   Thumb Code     0  startup_stm32g030xx.o(.text)
    DMA1_Channel2_3_IRQHandler               0x0800015b   Thumb Code     0  startup_stm32g030xx.o(.text)
    EXTI0_1_IRQHandler                       0x0800015b   Thumb Code     0  startup_stm32g030xx.o(.text)
    EXTI2_3_IRQHandler                       0x0800015b   Thumb Code     0  startup_stm32g030xx.o(.text)
    EXTI4_15_IRQHandler                      0x0800015b   Thumb Code     0  startup_stm32g030xx.o(.text)
    FLASH_IRQHandler                         0x0800015b   Thumb Code     0  startup_stm32g030xx.o(.text)
    I2C1_IRQHandler                          0x0800015b   Thumb Code     0  startup_stm32g030xx.o(.text)
    I2C2_IRQHandler                          0x0800015b   Thumb Code     0  startup_stm32g030xx.o(.text)
    RCC_IRQHandler                           0x0800015b   Thumb Code     0  startup_stm32g030xx.o(.text)
    RTC_TAMP_IRQHandler                      0x0800015b   Thumb Code     0  startup_stm32g030xx.o(.text)
    SPI1_IRQHandler                          0x0800015b   Thumb Code     0  startup_stm32g030xx.o(.text)
    SPI2_IRQHandler                          0x0800015b   Thumb Code     0  startup_stm32g030xx.o(.text)
    TIM14_IRQHandler                         0x0800015b   Thumb Code     0  startup_stm32g030xx.o(.text)
    TIM16_IRQHandler                         0x0800015b   Thumb Code     0  startup_stm32g030xx.o(.text)
    TIM17_IRQHandler                         0x0800015b   Thumb Code     0  startup_stm32g030xx.o(.text)
    TIM1_BRK_UP_TRG_COM_IRQHandler           0x0800015b   Thumb Code     0  startup_stm32g030xx.o(.text)
    TIM1_CC_IRQHandler                       0x0800015b   Thumb Code     0  startup_stm32g030xx.o(.text)
    TIM3_IRQHandler                          0x0800015b   Thumb Code     0  startup_stm32g030xx.o(.text)
    USART1_IRQHandler                        0x0800015b   Thumb Code     0  startup_stm32g030xx.o(.text)
    USART2_IRQHandler                        0x0800015b   Thumb Code     0  startup_stm32g030xx.o(.text)
    WWDG_IRQHandler                          0x0800015b   Thumb Code     0  startup_stm32g030xx.o(.text)
    __user_initial_stackheap                 0x0800015d   Thumb Code     0  startup_stm32g030xx.o(.text)
    _memset_w                                0x08000181   Thumb Code    26  rt_memclr.o(.text)
    _memset                                  0x0800019b   Thumb Code    30  rt_memclr.o(.text)
    __aeabi_memclr                           0x080001b9   Thumb Code     4  rt_memclr.o(.text)
    __rt_memclr                              0x080001b9   Thumb Code     0  rt_memclr.o(.text)
    __aeabi_memclr4                          0x080001bd   Thumb Code     0  rt_memclr.o(.text)
    __aeabi_memclr8                          0x080001bd   Thumb Code     0  rt_memclr.o(.text)
    __rt_memclr_w                            0x080001bd   Thumb Code     4  rt_memclr.o(.text)
    __use_two_region_memory                  0x080001c1   Thumb Code     2  heapauxi.o(.text)
    __rt_heap_escrow$2region                 0x080001c3   Thumb Code     2  heapauxi.o(.text)
    __rt_heap_expand$2region                 0x080001c5   Thumb Code     2  heapauxi.o(.text)
    __aeabi_d2f                              0x080001c9   Thumb Code     0  d2f.o(.text)
    _d2f                                     0x080001c9   Thumb Code   120  d2f.o(.text)
    __aeabi_dadd                             0x0800053d   Thumb Code     0  daddsub.o(.text)
    _dadd                                    0x0800053d   Thumb Code    26  daddsub.o(.text)
    __aeabi_dsub                             0x08000557   Thumb Code     0  daddsub.o(.text)
    _dsub                                    0x08000557   Thumb Code    22  daddsub.o(.text)
    __aeabi_drsub                            0x0800056d   Thumb Code     0  daddsub.o(.text)
    _drsb                                    0x0800056d   Thumb Code    28  daddsub.o(.text)
    __aeabi_ddiv                             0x0800059d   Thumb Code     0  ddiv.o(.text)
    _ddiv                                    0x0800059d   Thumb Code  1072  ddiv.o(.text)
    _drdiv                                   0x080009cd   Thumb Code    20  ddiv.o(.text)
    __aeabi_dmul                             0x080009e5   Thumb Code     0  dmul.o(.text)
    _dmul                                    0x080009e5   Thumb Code   558  dmul.o(.text)
    __aeabi_f2d                              0x08000c2d   Thumb Code     0  f2d.o(.text)
    _f2d                                     0x08000c2d   Thumb Code    80  f2d.o(.text)
    __aeabi_fdiv                             0x08000c81   Thumb Code     0  fdiv.o(.text)
    _fdiv                                    0x08000c81   Thumb Code   334  fdiv.o(.text)
    _frdiv                                   0x08000dcf   Thumb Code     8  fdiv.o(.text)
    __aeabi_i2f_normalise                    0x08000de1   Thumb Code    72  fflti.o(.text)
    __aeabi_i2f                              0x08000e29   Thumb Code    16  fflti.o(.text)
    _fflt                                    0x08000e29   Thumb Code     0  fflti.o(.text)
    __aeabi_ui2f                             0x08000e39   Thumb Code     6  fflti.o(.text)
    _ffltu                                   0x08000e39   Thumb Code     0  fflti.o(.text)
    __read_errno                             0x08000e3f   Thumb Code    10  _rserrno.o(.text)
    __set_errno                              0x08000e49   Thumb Code    12  _rserrno.o(.text)
    _dsqrt                                   0x08000e55   Thumb Code   248  dsqrt.o(.text)
    __aeabi_errno_addr                       0x08000f55   Thumb Code     8  rt_errno_addr_intlibspace.o(.text)
    __errno$intlibspace                      0x08000f55   Thumb Code     0  rt_errno_addr_intlibspace.o(.text)
    __rt_errno_addr$intlibspace              0x08000f55   Thumb Code     0  rt_errno_addr_intlibspace.o(.text)
    __fpl_fcmp_InfNaN                        0x08000f5d   Thumb Code    96  fcmpin.o(.text)
    __user_libspace                          0x08000fc1   Thumb Code     8  libspace.o(.text)
    __user_perproc_libspace                  0x08000fc1   Thumb Code     0  libspace.o(.text)
    __user_perthread_libspace                0x08000fc1   Thumb Code     0  libspace.o(.text)
    __user_setup_stackheap                   0x08000fc9   Thumb Code    62  sys_stackheap_outer.o(.text)
    exit                                     0x08001007   Thumb Code    16  exit.o(.text)
    __fpl_cmpreturn                          0x08001017   Thumb Code    46  cmpret.o(.text)
    __fpl_fcheck_NaN2                        0x08001045   Thumb Code    10  fnan2.o(.text)
    __fpl_return_NaN                         0x08001055   Thumb Code    94  retnan.o(.text)
    _sys_exit                                0x080010b5   Thumb Code     8  sys_exit.o(.text)
    __I$use$semihosting                      0x080010c1   Thumb Code     0  use_no_semi.o(.text)
    __use_no_semihosting_swi                 0x080010c1   Thumb Code     2  use_no_semi.o(.text)
    __decompress                             0x080010c3   Thumb Code     0  __dczerorl.o(.text)
    __decompress0                            0x080010c3   Thumb Code    58  __dczerorl.o(.text)
    __semihosting_library_function           0x080010c3   Thumb Code     0  indicate_semi.o(.text)
    ADC_Disable                              0x08001199   Thumb Code   122  stm32g0xx_hal_adc.o(.text.ADC_Disable)
    ADC_Enable                               0x08001215   Thumb Code   164  stm32g0xx_hal_adc.o(.text.ADC_Enable)
    DMA1_Channel1_IRQHandler                 0x080012c5   Thumb Code    20  stm32g0xx_it.o(.text.DMA1_Channel1_IRQHandler)
    Error_Handler                            0x0800137d   Thumb Code     8  main.o(.text.Error_Handler)
    HAL_ADCEx_Calibration_Start              0x08001385   Thumb Code   288  stm32g0xx_hal_adc_ex.o(.text.HAL_ADCEx_Calibration_Start)
    HAL_ADC_ConfigChannel                    0x080014b1   Thumb Code   532  stm32g0xx_hal_adc.o(.text.HAL_ADC_ConfigChannel)
    HAL_ADC_ConvCpltCallback                 0x080016d5   Thumb Code     8  rtd.o(.text.HAL_ADC_ConvCpltCallback)
    HAL_ADC_ConvHalfCpltCallback             0x080016e1   Thumb Code     2  stm32g0xx_hal_adc.o(.text.HAL_ADC_ConvHalfCpltCallback)
    HAL_ADC_ErrorCallback                    0x080016e3   Thumb Code     2  stm32g0xx_hal_adc.o(.text.HAL_ADC_ErrorCallback)
    HAL_ADC_Init                             0x080016e5   Thumb Code   528  stm32g0xx_hal_adc.o(.text.HAL_ADC_Init)
    HAL_ADC_MspInit                          0x0800190d   Thumb Code   156  adc.o(.text.HAL_ADC_MspInit)
    HAL_ADC_Start_DMA                        0x080019b9   Thumb Code   156  stm32g0xx_hal_adc.o(.text.HAL_ADC_Start_DMA)
    HAL_DMA_IRQHandler                       0x08001a65   Thumb Code   180  stm32g0xx_hal_dma.o(.text.HAL_DMA_IRQHandler)
    HAL_DMA_Init                             0x08001b1d   Thumb Code   172  stm32g0xx_hal_dma.o(.text.HAL_DMA_Init)
    HAL_DMA_Start_IT                         0x08001bd1   Thumb Code   136  stm32g0xx_hal_dma.o(.text.HAL_DMA_Start_IT)
    HAL_GPIO_Init                            0x08001c59   Thumb Code   388  stm32g0xx_hal_gpio.o(.text.HAL_GPIO_Init)
    HAL_GPIO_WritePin                        0x08001df1   Thumb Code    16  stm32g0xx_hal_gpio.o(.text.HAL_GPIO_WritePin)
    HAL_GetTick                              0x08001e01   Thumb Code     8  stm32g0xx_hal.o(.text.HAL_GetTick)
    HAL_IncTick                              0x08001e09   Thumb Code    16  stm32g0xx_hal.o(.text.HAL_IncTick)
    HAL_Init                                 0x08001e1d   Thumb Code    40  stm32g0xx_hal.o(.text.HAL_Init)
    HAL_InitTick                             0x08001e45   Thumb Code    64  stm32g0xx_hal.o(.text.HAL_InitTick)
    HAL_MspInit                              0x08001e89   Thumb Code    40  stm32g0xx_hal_msp.o(.text.HAL_MspInit)
    HAL_NVIC_EnableIRQ                       0x08001eb5   Thumb Code     8  stm32g0xx_hal_cortex.o(.text.HAL_NVIC_EnableIRQ)
    HAL_NVIC_SetPriority                     0x08001ebd   Thumb Code     8  stm32g0xx_hal_cortex.o(.text.HAL_NVIC_SetPriority)
    HAL_PWREx_ControlVoltageScaling          0x08001ec5   Thumb Code    72  stm32g0xx_hal_pwr_ex.o(.text.HAL_PWREx_ControlVoltageScaling)
    HAL_RCCEx_PeriphCLKConfig                0x08001f11   Thumb Code   372  stm32g0xx_hal_rcc_ex.o(.text.HAL_RCCEx_PeriphCLKConfig)
    HAL_RCC_ClockConfig                      0x08002095   Thumb Code   352  stm32g0xx_hal_rcc.o(.text.HAL_RCC_ClockConfig)
    HAL_RCC_GetSysClockFreq                  0x08002209   Thumb Code   124  stm32g0xx_hal_rcc.o(.text.HAL_RCC_GetSysClockFreq)
    HAL_RCC_OscConfig                        0x08002291   Thumb Code  1048  stm32g0xx_hal_rcc.o(.text.HAL_RCC_OscConfig)
    HAL_SYSTICK_Config                       0x080026c5   Thumb Code     8  stm32g0xx_hal_cortex.o(.text.HAL_SYSTICK_Config)
    HardFault_Handler                        0x080026cd   Thumb Code     2  stm32g0xx_it.o(.text.HardFault_Handler)
    NMI_Handler                              0x0800281d   Thumb Code     2  stm32g0xx_it.o(.text.NMI_Handler)
    PendSV_Handler                           0x0800281f   Thumb Code     2  stm32g0xx_it.o(.text.PendSV_Handler)
    RTD_Full_Convertion                      0x08002821   Thumb Code    84  rtd.o(.text.RTD_Full_Convertion)
    RTD_Init                                 0x08002879   Thumb Code    88  rtd.o(.text.RTD_Init)
    RTD_Raw_ADC_Mean_Get                     0x080028e1   Thumb Code     8  rtd.o(.text.RTD_Raw_ADC_Mean_Get)
    RTD_Raw_ADC_Set_DMA                      0x080028e9   Thumb Code    72  rtd.o(.text.RTD_Raw_ADC_Set_DMA)
    RTD_Resistance_Read                      0x080029ad   Thumb Code    40  rtd.o(.text.RTD_Resistance_Read)
    RTD_Tempreture_Get                       0x080029dd   Thumb Code     8  rtd.o(.text.RTD_Tempreture_Get)
    RTD_Tempreture_Read_Mathematicall        0x080029e5   Thumb Code   332  rtd.o(.text.RTD_Tempreture_Read_Mathematicall)
    SVC_Handler                              0x08002b7d   Thumb Code     2  stm32g0xx_it.o(.text.SVC_Handler)
    SysTick_Handler                          0x08002ba9   Thumb Code     8  stm32g0xx_it.o(.text.SysTick_Handler)
    SystemClock_Config                       0x08002bb1   Thumb Code   104  main.o(.text.SystemClock_Config)
    SystemInit                               0x08002c19   Thumb Code     2  system_stm32g0xx.o(.text.SystemInit)
    adc_config_channel                       0x08002c75   Thumb Code    16  adc.o(.text.adc_config_channel)
    adc_config_dma                           0x08002c89   Thumb Code    72  adc.o(.text.adc_config_dma)
    calibrate_adc                            0x08002cd9   Thumb Code    12  adc.o(.text.calibrate_adc)
    led_config                               0x08002ce5   Thumb Code   112  main.o(.text.led_config)
    led_off                                  0x08002d59   Thumb Code    18  main.o(.text.led_off)
    led_on                                   0x08002d6b   Thumb Code    16  main.o(.text.led_on)
    main                                     0x08002d7d   Thumb Code    40  main.o(.text.main)
    __aeabi_uidiv                            0x08002dad   Thumb Code    68  aeabi_sdivfast.o(.text_divfast)
    __aeabi_idiv                             0x08002df1   Thumb Code   434  aeabi_sdivfast.o(.text_divfast)
    __aeabi_fcmpge                           0x08002fa3   Thumb Code     0  fcmp.o(i._fgeq)
    _fgeq                                    0x08002fa3   Thumb Code    22  fcmp.o(i._fgeq)
    sqrt                                     0x08002fb9   Thumb Code    66  sqrt.o(i.sqrt)
    __aeabi_fadd                             0x08003001   Thumb Code     0  faddsub.o(x$fpl$fadd)
    _fadd                                    0x08003001   Thumb Code   134  faddsub.o(x$fpl$fadd)
    _fcmpge                                  0x0800308d   Thumb Code    78  fgef.o(x$fpl$fgeqf)
    __aeabi_fmul                             0x080030e1   Thumb Code     0  fmul.o(x$fpl$fmul)
    _fmul                                    0x080030e1   Thumb Code   172  fmul.o(x$fpl$fmul)
    __aeabi_fsub                             0x08003191   Thumb Code     0  faddsub.o(x$fpl$fsub)
    _fsub                                    0x08003191   Thumb Code   204  faddsub.o(x$fpl$fsub)
    __I$use$fp                               0x08003260   Number         0  usenofp.o(x$fpl$usenofp)
    AHBPrescTable                            0x08003320   Data          64  system_stm32g0xx.o(.rodata.AHBPrescTable)
    Region$$Table$$Base                      0x08003360   Number         0  anon$$obj.o(Region$$Table)
    Region$$Table$$Limit                     0x08003380   Number         0  anon$$obj.o(Region$$Table)
    RTD_1_ADC_Channel                        0x20000000   Data          20  rtd.o(.data.RTD_1_ADC_Channel)
    RTD_2_ADC_Channel                        0x20000014   Data          20  rtd.o(.data.RTD_2_ADC_Channel)
    RTD_3                                    0x20000028   Data        2092  main.o(.data.RTD_3)
    RTD_3_ADC_Channel                        0x20000854   Data          20  rtd.o(.data.RTD_3_ADC_Channel)
    SystemCoreClock                          0x20000868   Data           4  system_stm32g0xx.o(.data.SystemCoreClock)
    uwTickFreq                               0x2000086c   Data           1  stm32g0xx_hal.o(.data.uwTickFreq)
    uwTickPrio                               0x20000870   Data           4  stm32g0xx_hal.o(.data.uwTickPrio)
    __libspace_start                         0x20000878   Data          96  libspace.o(.bss)
    __temporary_stack_top$libspace           0x200008d8   Data           0  libspace.o(.bss)
    adh                                      0x200008d8   Data           8  rtd.o(.bss.adh)
    counter                                  0x200008e0   Data           4  stm32g0xx_it.o(.bss.counter)
    hadc1                                    0x200008e4   Data         100  adc.o(.bss.hadc1)
    hdma_adc1                                0x20000948   Data          92  adc.o(.bss.hdma_adc1)
    rtd_3_tempreture                         0x200009a4   Data           4  main.o(.bss.rtd_3_tempreture)
    uwTick                                   0x200009a8   Data           4  stm32g0xx_hal.o(.bss.uwTick)



==============================================================================

Memory Map of the image

  Image Entry point : 0x080000c1

  Load Region LR_IROM1 (Base: 0x08000000, Size: 0x00003bf8, Max: 0x00010000, ABSOLUTE, COMPRESSED[0x000033c0])

    Execution Region ER_IROM1 (Exec base: 0x08000000, Load base: 0x08000000, Size: 0x00003380, Max: 0x00010000, ABSOLUTE)

    Exec Addr    Load Addr    Size         Type   Attr      Idx    E Section Name        Object

    0x08000000   0x08000000   0x000000c0   Data   RO            3    RESET               startup_stm32g030xx.o
    0x080000c0   0x080000c0   0x00000008   Code   RO          785  * !!!main             c_p.l(__main.o)
    0x080000c8   0x080000c8   0x0000003c   Code   RO         1026    !!!scatter          c_p.l(__scatter.o)
    0x08000104   0x08000104   0x0000001c   Code   RO         1028    !!handler_zi        c_p.l(__scatter_zi.o)
    0x08000120   0x08000120   0x00000002   Code   RO          884    .ARM.Collect$$libinit$$00000000  c_p.l(libinit.o)
    0x08000122   0x08000122   0x00000000   Code   RO          899    .ARM.Collect$$libinit$$00000002  c_p.l(libinit2.o)
    0x08000122   0x08000122   0x00000000   Code   RO          901    .ARM.Collect$$libinit$$00000004  c_p.l(libinit2.o)
    0x08000122   0x08000122   0x00000000   Code   RO          904    .ARM.Collect$$libinit$$0000000A  c_p.l(libinit2.o)
    0x08000122   0x08000122   0x00000000   Code   RO          906    .ARM.Collect$$libinit$$0000000C  c_p.l(libinit2.o)
    0x08000122   0x08000122   0x00000000   Code   RO          908    .ARM.Collect$$libinit$$0000000E  c_p.l(libinit2.o)
    0x08000122   0x08000122   0x00000000   Code   RO          911    .ARM.Collect$$libinit$$00000011  c_p.l(libinit2.o)
    0x08000122   0x08000122   0x00000000   Code   RO          913    .ARM.Collect$$libinit$$00000013  c_p.l(libinit2.o)
    0x08000122   0x08000122   0x00000000   Code   RO          915    .ARM.Collect$$libinit$$00000015  c_p.l(libinit2.o)
    0x08000122   0x08000122   0x00000000   Code   RO          917    .ARM.Collect$$libinit$$00000017  c_p.l(libinit2.o)
    0x08000122   0x08000122   0x00000000   Code   RO          919    .ARM.Collect$$libinit$$00000019  c_p.l(libinit2.o)
    0x08000122   0x08000122   0x00000000   Code   RO          921    .ARM.Collect$$libinit$$0000001B  c_p.l(libinit2.o)
    0x08000122   0x08000122   0x00000000   Code   RO          923    .ARM.Collect$$libinit$$0000001D  c_p.l(libinit2.o)
    0x08000122   0x08000122   0x00000000   Code   RO          925    .ARM.Collect$$libinit$$0000001F  c_p.l(libinit2.o)
    0x08000122   0x08000122   0x00000000   Code   RO          927    .ARM.Collect$$libinit$$00000021  c_p.l(libinit2.o)
    0x08000122   0x08000122   0x00000000   Code   RO          929    .ARM.Collect$$libinit$$00000023  c_p.l(libinit2.o)
    0x08000122   0x08000122   0x00000000   Code   RO          931    .ARM.Collect$$libinit$$00000025  c_p.l(libinit2.o)
    0x08000122   0x08000122   0x00000000   Code   RO          935    .ARM.Collect$$libinit$$0000002C  c_p.l(libinit2.o)
    0x08000122   0x08000122   0x00000000   Code   RO          937    .ARM.Collect$$libinit$$0000002E  c_p.l(libinit2.o)
    0x08000122   0x08000122   0x00000000   Code   RO          939    .ARM.Collect$$libinit$$00000030  c_p.l(libinit2.o)
    0x08000122   0x08000122   0x00000000   Code   RO          941    .ARM.Collect$$libinit$$00000032  c_p.l(libinit2.o)
    0x08000122   0x08000122   0x00000002   Code   RO          942    .ARM.Collect$$libinit$$00000033  c_p.l(libinit2.o)
    0x08000124   0x08000124   0x00000002   Code   RO          979    .ARM.Collect$$libshutdown$$00000000  c_p.l(libshutdown.o)
    0x08000126   0x08000126   0x00000000   Code   RO         1007    .ARM.Collect$$libshutdown$$00000002  c_p.l(libshutdown2.o)
    0x08000126   0x08000126   0x00000000   Code   RO         1009    .ARM.Collect$$libshutdown$$00000004  c_p.l(libshutdown2.o)
    0x08000126   0x08000126   0x00000000   Code   RO         1012    .ARM.Collect$$libshutdown$$00000007  c_p.l(libshutdown2.o)
    0x08000126   0x08000126   0x00000000   Code   RO         1015    .ARM.Collect$$libshutdown$$0000000A  c_p.l(libshutdown2.o)
    0x08000126   0x08000126   0x00000000   Code   RO         1017    .ARM.Collect$$libshutdown$$0000000C  c_p.l(libshutdown2.o)
    0x08000126   0x08000126   0x00000000   Code   RO         1020    .ARM.Collect$$libshutdown$$0000000F  c_p.l(libshutdown2.o)
    0x08000126   0x08000126   0x00000002   Code   RO         1021    .ARM.Collect$$libshutdown$$00000010  c_p.l(libshutdown2.o)
    0x08000128   0x08000128   0x00000000   Code   RO          827    .ARM.Collect$$rtentry$$00000000  c_p.l(__rtentry.o)
    0x08000128   0x08000128   0x00000000   Code   RO          844    .ARM.Collect$$rtentry$$00000002  c_p.l(__rtentry2.o)
    0x08000128   0x08000128   0x00000006   Code   RO          856    .ARM.Collect$$rtentry$$00000004  c_p.l(__rtentry4.o)
    0x0800012e   0x0800012e   0x00000000   Code   RO          846    .ARM.Collect$$rtentry$$00000009  c_p.l(__rtentry2.o)
    0x0800012e   0x0800012e   0x00000004   Code   RO          847    .ARM.Collect$$rtentry$$0000000A  c_p.l(__rtentry2.o)
    0x08000132   0x08000132   0x00000000   Code   RO          849    .ARM.Collect$$rtentry$$0000000C  c_p.l(__rtentry2.o)
    0x08000132   0x08000132   0x00000008   Code   RO          850    .ARM.Collect$$rtentry$$0000000D  c_p.l(__rtentry2.o)
    0x0800013a   0x0800013a   0x00000002   Code   RO          890    .ARM.Collect$$rtexit$$00000000  c_p.l(rtexit.o)
    0x0800013c   0x0800013c   0x00000000   Code   RO          950    .ARM.Collect$$rtexit$$00000002  c_p.l(rtexit2.o)
    0x0800013c   0x0800013c   0x00000004   Code   RO          951    .ARM.Collect$$rtexit$$00000003  c_p.l(rtexit2.o)
    0x08000140   0x08000140   0x00000006   Code   RO          952    .ARM.Collect$$rtexit$$00000004  c_p.l(rtexit2.o)
    0x08000146   0x08000146   0x00000002   PAD
    0x08000148   0x08000148   0x00000038   Code   RO            4    .text               startup_stm32g030xx.o
    0x08000180   0x08000180   0x00000040   Code   RO          773    .text               c_p.l(rt_memclr.o)
    0x080001c0   0x080001c0   0x00000006   Code   RO          783    .text               c_p.l(heapauxi.o)
    0x080001c6   0x080001c6   0x00000002   PAD
    0x080001c8   0x080001c8   0x0000007c   Code   RO          787    .text               fz_ps.l(d2f.o)
    0x08000244   0x08000244   0x00000358   Code   RO          789    .text               fz_ps.l(daddsub.o)
    0x0800059c   0x0800059c   0x00000448   Code   RO          791    .text               fz_ps.l(ddiv.o)
    0x080009e4   0x080009e4   0x00000248   Code   RO          794    .text               fz_ps.l(dmul.o)
    0x08000c2c   0x08000c2c   0x00000054   Code   RO          796    .text               fz_ps.l(f2d.o)
    0x08000c80   0x08000c80   0x00000160   Code   RO          816    .text               fz_ps.l(fdiv.o)
    0x08000de0   0x08000de0   0x0000005e   Code   RO          819    .text               fz_ps.l(fflti.o)
    0x08000e3e   0x08000e3e   0x00000016   Code   RO          832    .text               c_p.l(_rserrno.o)
    0x08000e54   0x08000e54   0x00000100   Code   RO          834    .text               fz_ps.l(dsqrt.o)
    0x08000f54   0x08000f54   0x00000008   Code   RO          863    .text               c_p.l(rt_errno_addr_intlibspace.o)
    0x08000f5c   0x08000f5c   0x00000064   Code   RO          865    .text               fz_ps.l(fcmpin.o)
    0x08000fc0   0x08000fc0   0x00000008   Code   RO          867    .text               c_p.l(libspace.o)
    0x08000fc8   0x08000fc8   0x0000003e   Code   RO          870    .text               c_p.l(sys_stackheap_outer.o)
    0x08001006   0x08001006   0x00000010   Code   RO          873    .text               c_p.l(exit.o)
    0x08001016   0x08001016   0x0000002e   Code   RO          885    .text               fz_ps.l(cmpret.o)
    0x08001044   0x08001044   0x00000010   Code   RO          887    .text               fz_ps.l(fnan2.o)
    0x08001054   0x08001054   0x0000005e   Code   RO          943    .text               fz_ps.l(retnan.o)
    0x080010b2   0x080010b2   0x00000002   PAD
    0x080010b4   0x080010b4   0x0000000c   Code   RO          945    .text               c_p.l(sys_exit.o)
    0x080010c0   0x080010c0   0x00000002   Code   RO          968    .text               c_p.l(use_no_semi.o)
    0x080010c2   0x080010c2   0x00000000   Code   RO          970    .text               c_p.l(indicate_semi.o)
    0x080010c2   0x080010c2   0x0000003a   Code   RO         1024    .text               c_p.l(__dczerorl.o)
    0x080010fc   0x080010fc   0x00000078   Code   RO          154    .text.ADC_DMAConvCplt  stm32g0xx_hal_adc.o
    0x08001174   0x08001174   0x0000001a   Code   RO          158    .text.ADC_DMAError  stm32g0xx_hal_adc.o
    0x0800118e   0x0800118e   0x0000000a   Code   RO          156    .text.ADC_DMAHalfConvCplt  stm32g0xx_hal_adc.o
    0x08001198   0x08001198   0x0000007a   Code   RO          126    .text.ADC_Disable   stm32g0xx_hal_adc.o
    0x08001212   0x08001212   0x00000002   PAD
    0x08001214   0x08001214   0x000000b0   Code   RO          134    .text.ADC_Enable    stm32g0xx_hal_adc.o
    0x080012c4   0x080012c4   0x0000001c   Code   RO           88    .text.DMA1_Channel1_IRQHandler  stm32g0xx_it.o
    0x080012e0   0x080012e0   0x00000030   Code   RO          437    .text.DMA_CalcDMAMUXChannelBaseAndMask  stm32g0xx_hal_dma.o
    0x08001310   0x08001310   0x00000028   Code   RO          439    .text.DMA_CalcDMAMUXRequestGenBaseAndMask  stm32g0xx_hal_dma.o
    0x08001338   0x08001338   0x00000044   Code   RO          445    .text.DMA_SetConfig  stm32g0xx_hal_dma.o
    0x0800137c   0x0800137c   0x00000008   Code   RO           21    .text.Error_Handler  main.o
    0x08001384   0x08001384   0x0000012c   Code   RO          232    .text.HAL_ADCEx_Calibration_Start  stm32g0xx_hal_adc_ex.o
    0x080014b0   0x080014b0   0x00000224   Code   RO          176    .text.HAL_ADC_ConfigChannel  stm32g0xx_hal_adc.o
    0x080016d4   0x080016d4   0x0000000c   Code   RO          756    .text.HAL_ADC_ConvCpltCallback  rtd.o
    0x080016e0   0x080016e0   0x00000002   Code   RO          174    .text.HAL_ADC_ConvHalfCpltCallback  stm32g0xx_hal_adc.o
    0x080016e2   0x080016e2   0x00000002   Code   RO          172    .text.HAL_ADC_ErrorCallback  stm32g0xx_hal_adc.o
    0x080016e4   0x080016e4   0x00000228   Code   RO          106    .text.HAL_ADC_Init  stm32g0xx_hal_adc.o
    0x0800190c   0x0800190c   0x000000ac   Code   RO           43    .text.HAL_ADC_MspInit  adc.o
    0x080019b8   0x080019b8   0x000000ac   Code   RO          150    .text.HAL_ADC_Start_DMA  stm32g0xx_hal_adc.o
    0x08001a64   0x08001a64   0x000000b8   Code   RO          455    .text.HAL_DMA_IRQHandler  stm32g0xx_hal_dma.o
    0x08001b1c   0x08001b1c   0x000000b4   Code   RO          435    .text.HAL_DMA_Init  stm32g0xx_hal_dma.o
    0x08001bd0   0x08001bd0   0x00000088   Code   RO          447    .text.HAL_DMA_Start_IT  stm32g0xx_hal_dma.o
    0x08001c58   0x08001c58   0x00000198   Code   RO          409    .text.HAL_GPIO_Init  stm32g0xx_hal_gpio.o
    0x08001df0   0x08001df0   0x00000010   Code   RO          415    .text.HAL_GPIO_WritePin  stm32g0xx_hal_gpio.o
    0x08001e00   0x08001e00   0x00000008   Code   RO          632    .text.HAL_GetTick   stm32g0xx_hal.o
    0x08001e08   0x08001e08   0x00000014   Code   RO          630    .text.HAL_IncTick   stm32g0xx_hal.o
    0x08001e1c   0x08001e1c   0x00000028   Code   RO          620    .text.HAL_Init      stm32g0xx_hal.o
    0x08001e44   0x08001e44   0x00000044   Code   RO          622    .text.HAL_InitTick  stm32g0xx_hal.o
    0x08001e88   0x08001e88   0x0000002c   Code   RO           98    .text.HAL_MspInit   stm32g0xx_hal_msp.o
    0x08001eb4   0x08001eb4   0x00000008   Code   RO          568    .text.HAL_NVIC_EnableIRQ  stm32g0xx_hal_cortex.o
    0x08001ebc   0x08001ebc   0x00000008   Code   RO          564    .text.HAL_NVIC_SetPriority  stm32g0xx_hal_cortex.o
    0x08001ec4   0x08001ec4   0x0000004c   Code   RO          550    .text.HAL_PWREx_ControlVoltageScaling  stm32g0xx_hal_pwr_ex.o
    0x08001f10   0x08001f10   0x00000184   Code   RO          317    .text.HAL_RCCEx_PeriphCLKConfig  stm32g0xx_hal_rcc_ex.o
    0x08002094   0x08002094   0x00000174   Code   RO          279    .text.HAL_RCC_ClockConfig  stm32g0xx_hal_rcc.o
    0x08002208   0x08002208   0x00000088   Code   RO          281    .text.HAL_RCC_GetSysClockFreq  stm32g0xx_hal_rcc.o
    0x08002290   0x08002290   0x00000434   Code   RO          277    .text.HAL_RCC_OscConfig  stm32g0xx_hal_rcc.o
    0x080026c4   0x080026c4   0x00000008   Code   RO          580    .text.HAL_SYSTICK_Config  stm32g0xx_hal_cortex.o
    0x080026cc   0x080026cc   0x00000002   Code   RO           80    .text.HardFault_Handler  stm32g0xx_it.o
    0x080026ce   0x080026ce   0x00000002   PAD
    0x080026d0   0x080026d0   0x0000000c   Code   RO          152    .text.LL_ADC_Disable  stm32g0xx_hal_adc.o
    0x080026dc   0x080026dc   0x0000000c   Code   RO          246    .text.LL_ADC_Disable  stm32g0xx_hal_adc_ex.o
    0x080026e8   0x080026e8   0x0000000c   Code   RO          222    .text.LL_ADC_Enable  stm32g0xx_hal_adc.o
    0x080026f4   0x080026f4   0x0000000c   Code   RO          242    .text.LL_ADC_Enable  stm32g0xx_hal_adc_ex.o
    0x08002700   0x08002700   0x00000014   Code   RO          112    .text.LL_ADC_EnableInternalRegulator  stm32g0xx_hal_adc.o
    0x08002714   0x08002714   0x0000000a   Code   RO          240    .text.LL_ADC_GetCalibrationFactor  stm32g0xx_hal_adc_ex.o
    0x0800271e   0x0800271e   0x00000002   PAD
    0x08002720   0x08002720   0x0000000c   Code   RO          184    .text.LL_ADC_GetCommonPathInternalCh  stm32g0xx_hal_adc.o
    0x0800272c   0x0800272c   0x00000008   Code   RO          120    .text.LL_ADC_GetSamplingTimeCommonChannels  stm32g0xx_hal_adc.o
    0x08002734   0x08002734   0x00000006   Code   RO          238    .text.LL_ADC_IsCalibrationOnGoing  stm32g0xx_hal_adc_ex.o
    0x0800273a   0x0800273a   0x00000008   Code   RO          218    .text.LL_ADC_IsDisableOngoing  stm32g0xx_hal_adc.o
    0x08002742   0x08002742   0x00000008   Code   RO          116    .text.LL_ADC_IsEnabled  stm32g0xx_hal_adc.o
    0x0800274a   0x0800274a   0x00000008   Code   RO          234    .text.LL_ADC_IsEnabled  stm32g0xx_hal_adc_ex.o
    0x08002752   0x08002752   0x00000008   Code   RO          110    .text.LL_ADC_IsInternalRegulatorEnabled  stm32g0xx_hal_adc.o
    0x0800275a   0x0800275a   0x00000008   Code   RO          114    .text.LL_ADC_REG_IsConversionOngoing  stm32g0xx_hal_adc.o
    0x08002762   0x08002762   0x0000000e   Code   RO          142    .text.LL_ADC_REG_IsTriggerSourceSWStart  stm32g0xx_hal_adc.o
    0x08002770   0x08002770   0x00000010   Code   RO          178    .text.LL_ADC_REG_SetSequencerChAdd  stm32g0xx_hal_adc.o
    0x08002780   0x08002780   0x00000014   Code   RO          188    .text.LL_ADC_REG_SetSequencerChRem  stm32g0xx_hal_adc.o
    0x08002794   0x08002794   0x00000018   Code   RO          180    .text.LL_ADC_REG_SetSequencerRanks  stm32g0xx_hal_adc.o
    0x080027ac   0x080027ac   0x0000000c   Code   RO          136    .text.LL_ADC_REG_StartConversion  stm32g0xx_hal_adc.o
    0x080027b8   0x080027b8   0x00000010   Code   RO          244    .text.LL_ADC_SetCalibrationFactor  stm32g0xx_hal_adc_ex.o
    0x080027c8   0x080027c8   0x00000018   Code   RO          182    .text.LL_ADC_SetChannelSamplingTime  stm32g0xx_hal_adc.o
    0x080027e0   0x080027e0   0x00000014   Code   RO          186    .text.LL_ADC_SetCommonPathInternalCh  stm32g0xx_hal_adc.o
    0x080027f4   0x080027f4   0x00000014   Code   RO          118    .text.LL_ADC_SetSamplingTimeCommonChannels  stm32g0xx_hal_adc.o
    0x08002808   0x08002808   0x00000014   Code   RO          236    .text.LL_ADC_StartCalibration  stm32g0xx_hal_adc_ex.o
    0x0800281c   0x0800281c   0x00000002   Code   RO           78    .text.NMI_Handler   stm32g0xx_it.o
    0x0800281e   0x0800281e   0x00000002   Code   RO           84    .text.PendSV_Handler  stm32g0xx_it.o
    0x08002820   0x08002820   0x00000058   Code   RO          752    .text.RTD_Full_Convertion  rtd.o
    0x08002878   0x08002878   0x00000068   Code   RO          734    .text.RTD_Init      rtd.o
    0x080028e0   0x080028e0   0x00000008   Code   RO          750    .text.RTD_Raw_ADC_Mean_Get  rtd.o
    0x080028e8   0x080028e8   0x00000054   Code   RO          746    .text.RTD_Raw_ADC_Set_DMA  rtd.o
    0x0800293c   0x0800293c   0x00000070   Code   RO          754    .text.RTD_Raw_Adc_Mean  rtd.o
    0x080029ac   0x080029ac   0x00000030   Code   RO          736    .text.RTD_Resistance_Read  rtd.o
    0x080029dc   0x080029dc   0x00000008   Code   RO          742    .text.RTD_Tempreture_Get  rtd.o
    0x080029e4   0x080029e4   0x00000198   Code   RO          740    .text.RTD_Tempreture_Read_Mathematicall  rtd.o
    0x08002b7c   0x08002b7c   0x00000002   Code   RO           82    .text.SVC_Handler   stm32g0xx_it.o
    0x08002b7e   0x08002b7e   0x00000002   PAD
    0x08002b80   0x08002b80   0x00000028   Code   RO          582    .text.SysTick_Config  stm32g0xx_hal_cortex.o
    0x08002ba8   0x08002ba8   0x00000008   Code   RO           86    .text.SysTick_Handler  stm32g0xx_it.o
    0x08002bb0   0x08002bb0   0x00000068   Code   RO           13    .text.SystemClock_Config  main.o
    0x08002c18   0x08002c18   0x00000002   Code   RO          717    .text.SystemInit    system_stm32g0xx.o
    0x08002c1a   0x08002c1a   0x00000002   PAD
    0x08002c1c   0x08002c1c   0x00000018   Code   RO          570    .text.__NVIC_EnableIRQ  stm32g0xx_hal_cortex.o
    0x08002c34   0x08002c34   0x00000040   Code   RO          566    .text.__NVIC_SetPriority  stm32g0xx_hal_cortex.o
    0x08002c74   0x08002c74   0x00000014   Code   RO           51    .text.adc_config_channel  adc.o
    0x08002c88   0x08002c88   0x00000050   Code   RO           47    .text.adc_config_dma  adc.o
    0x08002cd8   0x08002cd8   0x0000000c   Code   RO           55    .text.calibrate_adc  adc.o
    0x08002ce4   0x08002ce4   0x00000074   Code   RO           15    .text.led_config    main.o
    0x08002d58   0x08002d58   0x00000012   Code   RO           19    .text.led_off       main.o
    0x08002d6a   0x08002d6a   0x00000010   Code   RO           17    .text.led_on        main.o
    0x08002d7a   0x08002d7a   0x00000002   PAD
    0x08002d7c   0x08002d7c   0x00000030   Code   RO           11    .text.main          main.o
    0x08002dac   0x08002dac   0x000001f6   Code   RO          776    .text_divfast       c_p.l(aeabi_sdivfast.o)
    0x08002fa2   0x08002fa2   0x00000016   Code   RO          805    i._fgeq             fz_ps.l(fcmp.o)
    0x08002fb8   0x08002fb8   0x00000048   Code   RO          824    i.sqrt              m_ps.l(sqrt.o)
    0x08003000   0x08003000   0x0000008c   Code   RO          798    x$fpl$fadd          fz_ps.l(faddsub.o)
    0x0800308c   0x0800308c   0x00000054   Code   RO          838    x$fpl$fgeqf         fz_ps.l(fgef.o)
    0x080030e0   0x080030e0   0x000000b0   Code   RO          821    x$fpl$fmul          fz_ps.l(fmul.o)
    0x08003190   0x08003190   0x000000d0   Code   RO          800    x$fpl$fsub          fz_ps.l(faddsub.o)
    0x08003260   0x08003260   0x00000000   Code   RO          842    x$fpl$usenofp       fz_ps.l(usenofp.o)
    0x08003260   0x08003260   0x00000080   Data   RO          792    .constdata          fz_ps.l(ddiv.o)
    0x080032e0   0x080032e0   0x00000040   Data   RO          817    .constdata          fz_ps.l(fdiv.o)
    0x08003320   0x08003320   0x00000040   Data   RO          722    .rodata.AHBPrescTable  system_stm32g0xx.o
    0x08003360   0x08003360   0x00000020   Data   RO         1023    Region$$Table       anon$$obj.o


    Execution Region RW_IRAM1 (Exec base: 0x20000000, Load base: 0x08003380, Size: 0x00000fb0, Max: 0x00002000, ABSOLUTE, COMPRESSED[0x00000040])

    Exec Addr    Load Addr    Size         Type   Attr      Idx    E Section Name        Object

    0x20000000   COMPRESSED   0x00000014   Data   RW          759    .data.RTD_1_ADC_Channel  rtd.o
    0x20000014   COMPRESSED   0x00000014   Data   RW          760    .data.RTD_2_ADC_Channel  rtd.o
    0x20000028   COMPRESSED   0x0000082c   Data   RW           23    .data.RTD_3         main.o
    0x20000854   COMPRESSED   0x00000014   Data   RW          761    .data.RTD_3_ADC_Channel  rtd.o
    0x20000868   COMPRESSED   0x00000004   Data   RW          721    .data.SystemCoreClock  system_stm32g0xx.o
    0x2000086c   COMPRESSED   0x00000001   Data   RW          679    .data.uwTickFreq    stm32g0xx_hal.o
    0x2000086d   COMPRESSED   0x00000003   PAD
    0x20000870   COMPRESSED   0x00000004   Data   RW          678    .data.uwTickPrio    stm32g0xx_hal.o
    0x20000874   COMPRESSED   0x00000004   PAD
    0x20000878        -       0x00000060   Zero   RW          868    .bss                c_p.l(libspace.o)
    0x200008d8        -       0x00000008   Zero   RW          762    .bss.adh            rtd.o
    0x200008e0        -       0x00000004   Zero   RW           90    .bss.counter        stm32g0xx_it.o
    0x200008e4        -       0x00000064   Zero   RW           58    .bss.hadc1          adc.o
    0x20000948        -       0x0000005c   Zero   RW           57    .bss.hdma_adc1      adc.o
    0x200009a4        -       0x00000004   Zero   RW           26    .bss.rtd_3_tempreture  main.o
    0x200009a8        -       0x00000004   Zero   RW          680    .bss.uwTick         stm32g0xx_hal.o
    0x200009ac   COMPRESSED   0x00000004   PAD
    0x200009b0        -       0x00000200   Zero   RW            2    HEAP                startup_stm32g030xx.o
    0x20000bb0        -       0x00000400   Zero   RW            1    STACK               startup_stm32g030xx.o


==============================================================================

Image component sizes


      Code (inc. data)   RO Data    RW Data    ZI Data      Debug   Object Name

       284         28          0          0        192       6943   adc.o
       310         12          0       2092          4       4498   main.o
       872        136          0         60          8      10329   rtd.o
        56         26        192          0       1536        644   startup_stm32g030xx.o
       136          8          0          5          4       6774   stm32g0xx_hal.o
      1976         88          0          0          0      18936   stm32g0xx_hal_adc.o
       384         16          0          0          0       7412   stm32g0xx_hal_adc_ex.o
       152         16          0          0          0       6900   stm32g0xx_hal_cortex.o
       656         24          0          0          0       8499   stm32g0xx_hal_dma.o
       424         20          0          0          0       4807   stm32g0xx_hal_gpio.o
        44          4          0          0          0       1282   stm32g0xx_hal_msp.o
        76          4          0          0          0       4987   stm32g0xx_hal_pwr_ex.o
      1584         80          0          0          0       8650   stm32g0xx_hal_rcc.o
       388         16          0          0          0       6115   stm32g0xx_hal_rcc_ex.o
        44          8          0          0          4       1299   stm32g0xx_it.o
         2          0         64          4          0       1957   system_stm32g0xx.o

    ----------------------------------------------------------------------
      7400        486        288       2164       1756     100032   Object Totals
         0          0         32          0          0          0   (incl. Generated)
        12          0          0          3          8          0   (incl. Padding)

    ----------------------------------------------------------------------

      Code (inc. data)   RO Data    RW Data    ZI Data      Debug   Library Member Name

        58          0          0          0          0          0   __dczerorl.o
         8          0          0          0          0         68   __main.o
         0          0          0          0          0          0   __rtentry.o
        12          0          0          0          0          0   __rtentry2.o
         6          0          0          0          0          0   __rtentry4.o
        60          8          0          0          0          0   __scatter.o
        28          0          0          0          0          0   __scatter_zi.o
        22          0          0          0          0         92   _rserrno.o
       502          0          0          0          0         92   aeabi_sdivfast.o
        16          0          0          0          0         68   exit.o
         6          0          0          0          0        136   heapauxi.o
         0          0          0          0          0          0   indicate_semi.o
         2          0          0          0          0          0   libinit.o
         2          0          0          0          0          0   libinit2.o
         2          0          0          0          0          0   libshutdown.o
         2          0          0          0          0          0   libshutdown2.o
         8          4          0          0         96         68   libspace.o
         8          4          0          0          0         68   rt_errno_addr_intlibspace.o
        64          0          0          0          0        108   rt_memclr.o
         2          0          0          0          0          0   rtexit.o
        10          0          0          0          0          0   rtexit2.o
        12          4          0          0          0         60   sys_exit.o
        62          0          0          0          0         80   sys_stackheap_outer.o
         2          0          0          0          0         68   use_no_semi.o
        46          0          0          0          0         60   cmpret.o
       124          4          0          0          0         72   d2f.o
       856         20          0          0          0        208   daddsub.o
      1096         26        128          0          0        112   ddiv.o
       584         26          0          0          0         84   dmul.o
       256          8          0          0          0         76   dsqrt.o
        84          4          0          0          0         60   f2d.o
       348          8          0          0          0        160   faddsub.o
        22          0          0          0          0         68   fcmp.o
       100          4          0          0          0         68   fcmpin.o
       352         10         64          0          0         92   fdiv.o
        94          0          0          0          0         92   fflti.o
        84          4          0          0          0         76   fgef.o
       176          4          0          0          0         80   fmul.o
        16          6          0          0          0         68   fnan2.o
        94          0          0          0          0         68   retnan.o
         0          0          0          0          0          0   usenofp.o
        72          6          0          0          0         76   sqrt.o

    ----------------------------------------------------------------------
      5304        150        192          0         96       2428   Library Totals
         6          0          0          0          0          0   (incl. Padding)

    ----------------------------------------------------------------------

      Code (inc. data)   RO Data    RW Data    ZI Data      Debug   Library Name

       894         20          0          0         96        908   c_p.l
      4332        124        192          0          0       1444   fz_ps.l
        72          6          0          0          0         76   m_ps.l

    ----------------------------------------------------------------------
      5304        150        192          0         96       2428   Library Totals

    ----------------------------------------------------------------------

==============================================================================


      Code (inc. data)   RO Data    RW Data    ZI Data      Debug   

     12704        636        480       2164       1852     101076   Grand Totals
     12704        636        480         64       1852     101076   ELF Image Totals (compressed)
     12704        636        480         64          0          0   ROM Totals

==============================================================================

    Total RO  Size (Code + RO Data)                13184 (  12.88kB)
    Total RW  Size (RW Data + ZI Data)              4016 (   3.92kB)
    Total ROM Size (Code + RO Data + RW Data)      13248 (  12.94kB)

==============================================================================

